Efinity Synthesis report for project testing_PLLs
Version: 2025.1.110.2.15
Generated at: Jul 25, 2025 18:32:06
Copyright (C) 2013 - 2025  All rights reserved.

Top-level Entity Name : top

family : Trion
device : T120F576
project : testing_PLLs
project-xml : /home/lalli/Downloads/Efinity_stuff/testing_PLLs/testing_PLLs.xml
root : top
I,include : /home/lalli/Downloads/Efinity_stuff/testing_PLLs
output-dir : /home/lalli/Downloads/Efinity_stuff/testing_PLLs/outflow
work-dir : /home/lalli/Downloads/Efinity_stuff/testing_PLLs/work_syn
write-efx-verilog : /home/lalli/Downloads/Efinity_stuff/testing_PLLs/outflow/testing_PLLs.map.v
binary-db : /home/lalli/Downloads/Efinity_stuff/testing_PLLs/outflow/testing_PLLs.vdb
insert-ios : 0
max-carry-cascade : 640
max_mult : -1
max_ram : -1
mode : speed
veri_options : verilog_mode=verilog_2k,vhdl_mode=vhdl_2008

File List:

/home/lalli/Downloads/Efinity_stuff/testing_PLLs/top.v
/home/lalli/Downloads/Efinity_stuff/testing_PLLs/test_counter.v
/home/lalli/Downloads/Efinity_stuff/testing_PLLs/debug_top.v

### ### Report Section Start ### ###


### ### EFX_FF CE enables (begin) ### ### ###
Total number of enable signals: 19
Total number of FFs with enable signals: 1196
CE signal <ceg_net2>, number of controlling flip flops: 14
CE signal <~test_module/equal_21/n41>, number of controlling flip flops: 256
CE signal <ceg_net5>, number of controlling flip flops: 14
CE signal <~test_module/equal_8/n41>, number of controlling flip flops: 256
CE signal <debug_inst/vio0/vio_core_inst/n251>, number of controlling flip flops: 3
CE signal <ceg_net8>, number of controlling flip flops: 6
CE signal <debug_inst/vio0/vio_core_inst/word_ct_en>, number of controlling flip flops: 16
CE signal <ceg_net11>, number of controlling flip flops: 16
CE signal <debug_inst/vio0/vio_core_inst/n2907>, number of controlling flip flops: 16
CE signal <ceg_net16>, number of controlling flip flops: 32
CE signal <debug_inst/vio0/vio_core_inst/op_reg_en>, number of controlling flip flops: 2
CE signal <debug_inst/vio0/vio_core_inst/addr_ct_en>, number of controlling flip flops: 5
CE signal <debug_inst/vio0/vio_core_inst/commit_sync2>, number of controlling flip flops: 1
CE signal <debug_inst/vio0/vio_core_inst/n2952>, number of controlling flip flops: 1
CE signal <debug_inst/vio0/vio_core_inst/regsel_ld_en>, number of controlling flip flops: 4
CE signal <debug_inst/vio0/vio_core_inst/internal_reg_r0[2]>, number of controlling flip flops: 512
CE signal <debug_inst/debug_hub_inst/n267>, number of controlling flip flops: 4
CE signal <debug_inst/debug_hub_inst/n265>, number of controlling flip flops: 1
CE signal <debug_inst/debug_hub_inst/n96>, number of controlling flip flops: 37
### ### EFX_FF CE enables (end) ### ### ###

### ### EFX_FF SR set/reset (begin) ### ### ###
Total number of set/reset signals: 4
Total number of FFs with set/reset signals: 668
SR signal <i_reg_rstn>, number of controlling flip flops: 540
SR signal <debug_inst/edb_soft_reset>, number of controlling flip flops: 88
SR signal <debug_inst/vio0/vio_core_inst/internal_reg_r0[1]>, number of controlling flip flops: 2
SR signal <bscan_RESET>, number of controlling flip flops: 38
### ### EFX_FF SR set/reset (end) ### ### ###

### ### Sequential Elements Trimming Report (begin) ### ### ### 
FF instance: debug_inst/vio0/vio_core_inst/address_counter[0]~FF(unreachable)
FF instance: debug_inst/vio0/vio_core_inst/address_counter[31]~FF(unreachable)
FF instance: debug_inst/vio0/vio_core_inst/address_counter[30]~FF(unreachable)
FF instance: debug_inst/vio0/vio_core_inst/address_counter[29]~FF(unreachable)
FF instance: debug_inst/vio0/vio_core_inst/address_counter[28]~FF(unreachable)
FF instance: debug_inst/vio0/vio_core_inst/address_counter[27]~FF(unreachable)
FF instance: debug_inst/vio0/vio_core_inst/address_counter[26]~FF(unreachable)
FF instance: debug_inst/vio0/vio_core_inst/address_counter[25]~FF(unreachable)
FF instance: debug_inst/vio0/vio_core_inst/address_counter[24]~FF(unreachable)
FF instance: debug_inst/vio0/vio_core_inst/address_counter[23]~FF(unreachable)
FF instance: debug_inst/vio0/vio_core_inst/address_counter[22]~FF(unreachable)
FF instance: debug_inst/vio0/vio_core_inst/address_counter[21]~FF(unreachable)
FF instance: debug_inst/vio0/vio_core_inst/address_counter[20]~FF(unreachable)
FF instance: debug_inst/vio0/vio_core_inst/address_counter[19]~FF(unreachable)
FF instance: debug_inst/vio0/vio_core_inst/address_counter[18]~FF(unreachable)
FF instance: debug_inst/vio0/vio_core_inst/address_counter[17]~FF(unreachable)
FF instance: debug_inst/vio0/vio_core_inst/address_counter[16]~FF(unreachable)
FF instance: debug_inst/vio0/vio_core_inst/address_counter[15]~FF(unreachable)
FF instance: debug_inst/vio0/vio_core_inst/address_counter[14]~FF(unreachable)
FF instance: debug_inst/vio0/vio_core_inst/address_counter[13]~FF(unreachable)
FF instance: debug_inst/vio0/vio_core_inst/address_counter[12]~FF(unreachable)
FF instance: debug_inst/vio0/vio_core_inst/address_counter[11]~FF(unreachable)
FF instance: debug_inst/vio0/vio_core_inst/address_counter[10]~FF(unreachable)
FF instance: debug_inst/vio0/vio_core_inst/address_counter[9]~FF(unreachable)
FF instance: debug_inst/vio0/vio_core_inst/address_counter[8]~FF(unreachable)
FF instance: debug_inst/vio0/vio_core_inst/address_counter[7]~FF(unreachable)
FF instance: debug_inst/vio0/vio_core_inst/address_counter[6]~FF(unreachable)
### ### Sequential Elements Trimming Report (end) ### ### ### 

### ### Module Resource Usage Distribution Estimates (begin) ### ###

**Note: some resources maybe grouped under different hierarchy due to optimization and LUT mapping

Module                                                               FFs        ADDs        LUTs      RAMs DSP/MULTs
------------------------------------------------------------         ---        ----        ----      ---- ---------
top:top                                                          2226(0)      546(0)      663(0)      0(0)      0(0)
 +test_module:test_counter                                      540(540)    536(536)      44(44)      0(0)      0(0)
 +debug_inst:edb_top                                             1686(0)       10(0)      619(0)      0(0)      0(0)
  +vio0:edb_vio_top(NUM_PROBE_IN=2,UUID=128'b110000001010...     1644(0)       10(0)      609(0)      0(0)      0(0)
   +vio_core_inst:vio_core(INT_WIDTH=512,PROBE_OUT_INIT_V...    1644(76)      10(10)    609(300)      0(0)      0(0)
    +axi_crc_i:edb_adbg_crc32                                     32(32)        0(0)      53(53)      0(0)      0(0)
    +gen_probe_in_sync[0].sync_probe_in_U:syncer                    3(3)        0(0)        0(0)      0(0)      0(0)
    +gen_probe_in_sync[1].sync_probe_in_U:syncer                    3(3)        0(0)        0(0)      0(0)      0(0)
    +gen_probe_in_sync[2].sync_probe_in_U:syncer                    3(3)        0(0)        0(0)      0(0)      0(0)
    +gen_probe_in_sync[3].sync_probe_in_U:syncer                    3(3)        0(0)        0(0)      0(0)      0(0)
    +gen_probe_in_sync[4].sync_probe_in_U:syncer                    3(3)        0(0)        0(0)      0(0)      0(0)
    +gen_probe_in_sync[5].sync_probe_in_U:syncer                    3(3)        0(0)        0(0)      0(0)      0(0)
    +gen_probe_in_sync[6].sync_probe_in_U:syncer                    3(3)        0(0)        0(0)      0(0)      0(0)
    +gen_probe_in_sync[7].sync_probe_in_U:syncer                    3(3)        0(0)        0(0)      0(0)      0(0)
    +gen_probe_in_sync[8].sync_probe_in_U:syncer                    3(3)        0(0)        0(0)      0(0)      0(0)
    +gen_probe_in_sync[9].sync_probe_in_U:syncer                    3(3)        0(0)        0(0)      0(0)      0(0)
    +gen_probe_in_sync[10].sync_probe_in_U:syncer                   3(3)        0(0)        0(0)      0(0)      0(0)
    +gen_probe_in_sync[11].sync_probe_in_U:syncer                   3(3)        0(0)        0(0)      0(0)      0(0)
    +gen_probe_in_sync[12].sync_probe_in_U:syncer                   3(3)        0(0)        0(0)      0(0)      0(0)
    +gen_probe_in_sync[13].sync_probe_in_U:syncer                   3(3)        0(0)        0(0)      0(0)      0(0)
    +gen_probe_in_sync[14].sync_probe_in_U:syncer                   3(3)        0(0)        0(0)      0(0)      0(0)
    +gen_probe_in_sync[15].sync_probe_in_U:syncer                   3(3)        0(0)        0(0)      0(0)      0(0)
    +gen_probe_in_sync[16].sync_probe_in_U:syncer                   3(3)        0(0)        1(1)      0(0)      0(0)
    +gen_probe_in_sync[17].sync_probe_in_U:syncer                   3(3)        0(0)        1(1)      0(0)      0(0)
    +gen_probe_in_sync[18].sync_probe_in_U:syncer                   3(3)        0(0)        1(1)      0(0)      0(0)
    +gen_probe_in_sync[19].sync_probe_in_U:syncer                   3(3)        0(0)        1(1)      0(0)      0(0)
    +gen_probe_in_sync[20].sync_probe_in_U:syncer                   3(3)        0(0)        1(1)      0(0)      0(0)
    +gen_probe_in_sync[21].sync_probe_in_U:syncer                   3(3)        0(0)        1(1)      0(0)      0(0)
    +gen_probe_in_sync[22].sync_probe_in_U:syncer                   3(3)        0(0)        1(1)      0(0)      0(0)
    +gen_probe_in_sync[23].sync_probe_in_U:syncer                   3(3)        0(0)        1(1)      0(0)      0(0)
    +gen_probe_in_sync[24].sync_probe_in_U:syncer                   3(3)        0(0)        1(1)      0(0)      0(0)
    +gen_probe_in_sync[25].sync_probe_in_U:syncer                   3(3)        0(0)        1(1)      0(0)      0(0)
    +gen_probe_in_sync[26].sync_probe_in_U:syncer                   3(3)        0(0)        1(1)      0(0)      0(0)
    +gen_probe_in_sync[27].sync_probe_in_U:syncer                   3(3)        0(0)        1(1)      0(0)      0(0)
    +gen_probe_in_sync[28].sync_probe_in_U:syncer                   3(3)        0(0)        1(1)      0(0)      0(0)
    +gen_probe_in_sync[29].sync_probe_in_U:syncer                   3(3)        0(0)        1(1)      0(0)      0(0)
    +gen_probe_in_sync[30].sync_probe_in_U:syncer                   3(3)        0(0)        1(1)      0(0)      0(0)
    +gen_probe_in_sync[31].sync_probe_in_U:syncer                   3(3)        0(0)        1(1)      0(0)      0(0)
    +gen_probe_in_sync[32].sync_probe_in_U:syncer                   3(3)        0(0)        0(0)      0(0)      0(0)
    +gen_probe_in_sync[33].sync_probe_in_U:syncer                   3(3)        0(0)        0(0)      0(0)      0(0)
    +gen_probe_in_sync[34].sync_probe_in_U:syncer                   3(3)        0(0)        0(0)      0(0)      0(0)
    +gen_probe_in_sync[35].sync_probe_in_U:syncer                   3(3)        0(0)        0(0)      0(0)      0(0)
    +gen_probe_in_sync[36].sync_probe_in_U:syncer                   3(3)        0(0)        0(0)      0(0)      0(0)
    +gen_probe_in_sync[37].sync_probe_in_U:syncer                   3(3)        0(0)        0(0)      0(0)      0(0)
    +gen_probe_in_sync[38].sync_probe_in_U:syncer                   3(3)        0(0)        0(0)      0(0)      0(0)
    +gen_probe_in_sync[39].sync_probe_in_U:syncer                   3(3)        0(0)        0(0)      0(0)      0(0)
    +gen_probe_in_sync[40].sync_probe_in_U:syncer                   3(3)        0(0)        0(0)      0(0)      0(0)
    +gen_probe_in_sync[41].sync_probe_in_U:syncer                   3(3)        0(0)        0(0)      0(0)      0(0)
    +gen_probe_in_sync[42].sync_probe_in_U:syncer                   3(3)        0(0)        0(0)      0(0)      0(0)
    +gen_probe_in_sync[43].sync_probe_in_U:syncer                   3(3)        0(0)        0(0)      0(0)      0(0)
    +gen_probe_in_sync[44].sync_probe_in_U:syncer                   3(3)        0(0)        0(0)      0(0)      0(0)
    +gen_probe_in_sync[45].sync_probe_in_U:syncer                   3(3)        0(0)        0(0)      0(0)      0(0)
    +gen_probe_in_sync[46].sync_probe_in_U:syncer                   3(3)        0(0)        0(0)      0(0)      0(0)
    +gen_probe_in_sync[47].sync_probe_in_U:syncer                   3(3)        0(0)        0(0)      0(0)      0(0)
    +gen_probe_in_sync[48].sync_probe_in_U:syncer                   3(3)        0(0)        1(1)      0(0)      0(0)
    +gen_probe_in_sync[49].sync_probe_in_U:syncer                   3(3)        0(0)        1(1)      0(0)      0(0)
    +gen_probe_in_sync[50].sync_probe_in_U:syncer                   3(3)        0(0)        1(1)      0(0)      0(0)
    +gen_probe_in_sync[51].sync_probe_in_U:syncer                   3(3)        0(0)        1(1)      0(0)      0(0)
    +gen_probe_in_sync[52].sync_probe_in_U:syncer                   3(3)        0(0)        1(1)      0(0)      0(0)
    +gen_probe_in_sync[53].sync_probe_in_U:syncer                   3(3)        0(0)        1(1)      0(0)      0(0)
    +gen_probe_in_sync[54].sync_probe_in_U:syncer                   3(3)        0(0)        1(1)      0(0)      0(0)
    +gen_probe_in_sync[55].sync_probe_in_U:syncer                   3(3)        0(0)        1(1)      0(0)      0(0)
    +gen_probe_in_sync[56].sync_probe_in_U:syncer                   3(3)        0(0)        1(1)      0(0)      0(0)
    +gen_probe_in_sync[57].sync_probe_in_U:syncer                   3(3)        0(0)        1(1)      0(0)      0(0)
    +gen_probe_in_sync[58].sync_probe_in_U:syncer                   3(3)        0(0)        1(1)      0(0)      0(0)
    +gen_probe_in_sync[59].sync_probe_in_U:syncer                   3(3)        0(0)        1(1)      0(0)      0(0)
    +gen_probe_in_sync[60].sync_probe_in_U:syncer                   3(3)        0(0)        1(1)      0(0)      0(0)
    +gen_probe_in_sync[61].sync_probe_in_U:syncer                   3(3)        0(0)        1(1)      0(0)      0(0)
    +gen_probe_in_sync[62].sync_probe_in_U:syncer                   3(3)        0(0)        1(1)      0(0)      0(0)
    +gen_probe_in_sync[63].sync_probe_in_U:syncer                   3(3)        0(0)        1(1)      0(0)      0(0)
    +gen_probe_in_sync[64].sync_probe_in_U:syncer                   3(3)        0(0)        0(0)      0(0)      0(0)
    +gen_probe_in_sync[65].sync_probe_in_U:syncer                   3(3)        0(0)        0(0)      0(0)      0(0)
    +gen_probe_in_sync[66].sync_probe_in_U:syncer                   3(3)        0(0)        0(0)      0(0)      0(0)
    +gen_probe_in_sync[67].sync_probe_in_U:syncer                   3(3)        0(0)        0(0)      0(0)      0(0)
    +gen_probe_in_sync[68].sync_probe_in_U:syncer                   3(3)        0(0)        0(0)      0(0)      0(0)
    +gen_probe_in_sync[69].sync_probe_in_U:syncer                   3(3)        0(0)        0(0)      0(0)      0(0)
    +gen_probe_in_sync[70].sync_probe_in_U:syncer                   3(3)        0(0)        0(0)      0(0)      0(0)
    +gen_probe_in_sync[71].sync_probe_in_U:syncer                   3(3)        0(0)        0(0)      0(0)      0(0)
    +gen_probe_in_sync[72].sync_probe_in_U:syncer                   3(3)        0(0)        0(0)      0(0)      0(0)
    +gen_probe_in_sync[73].sync_probe_in_U:syncer                   3(3)        0(0)        0(0)      0(0)      0(0)
    +gen_probe_in_sync[74].sync_probe_in_U:syncer                   3(3)        0(0)        0(0)      0(0)      0(0)
    +gen_probe_in_sync[75].sync_probe_in_U:syncer                   3(3)        0(0)        0(0)      0(0)      0(0)
    +gen_probe_in_sync[76].sync_probe_in_U:syncer                   3(3)        0(0)        0(0)      0(0)      0(0)
    +gen_probe_in_sync[77].sync_probe_in_U:syncer                   3(3)        0(0)        0(0)      0(0)      0(0)
    +gen_probe_in_sync[78].sync_probe_in_U:syncer                   3(3)        0(0)        0(0)      0(0)      0(0)
    +gen_probe_in_sync[79].sync_probe_in_U:syncer                   3(3)        0(0)        0(0)      0(0)      0(0)
    +gen_probe_in_sync[80].sync_probe_in_U:syncer                   3(3)        0(0)        1(1)      0(0)      0(0)
    +gen_probe_in_sync[81].sync_probe_in_U:syncer                   3(3)        0(0)        1(1)      0(0)      0(0)
    +gen_probe_in_sync[82].sync_probe_in_U:syncer                   3(3)        0(0)        1(1)      0(0)      0(0)
    +gen_probe_in_sync[83].sync_probe_in_U:syncer                   3(3)        0(0)        1(1)      0(0)      0(0)
    +gen_probe_in_sync[84].sync_probe_in_U:syncer                   3(3)        0(0)        1(1)      0(0)      0(0)
    +gen_probe_in_sync[85].sync_probe_in_U:syncer                   3(3)        0(0)        1(1)      0(0)      0(0)
    +gen_probe_in_sync[86].sync_probe_in_U:syncer                   3(3)        0(0)        1(1)      0(0)      0(0)
    +gen_probe_in_sync[87].sync_probe_in_U:syncer                   3(3)        0(0)        1(1)      0(0)      0(0)
    +gen_probe_in_sync[88].sync_probe_in_U:syncer                   3(3)        0(0)        1(1)      0(0)      0(0)
    +gen_probe_in_sync[89].sync_probe_in_U:syncer                   3(3)        0(0)        1(1)      0(0)      0(0)
    +gen_probe_in_sync[90].sync_probe_in_U:syncer                   3(3)        0(0)        1(1)      0(0)      0(0)
    +gen_probe_in_sync[91].sync_probe_in_U:syncer                   3(3)        0(0)        1(1)      0(0)      0(0)
    +gen_probe_in_sync[92].sync_probe_in_U:syncer                   3(3)        0(0)        1(1)      0(0)      0(0)
    +gen_probe_in_sync[93].sync_probe_in_U:syncer                   3(3)        0(0)        1(1)      0(0)      0(0)
    +gen_probe_in_sync[94].sync_probe_in_U:syncer                   3(3)        0(0)        1(1)      0(0)      0(0)
    +gen_probe_in_sync[95].sync_probe_in_U:syncer                   3(3)        0(0)        1(1)      0(0)      0(0)
    +gen_probe_in_sync[96].sync_probe_in_U:syncer                   3(3)        0(0)        0(0)      0(0)      0(0)
    +gen_probe_in_sync[97].sync_probe_in_U:syncer                   3(3)        0(0)        0(0)      0(0)      0(0)
    +gen_probe_in_sync[98].sync_probe_in_U:syncer                   3(3)        0(0)        0(0)      0(0)      0(0)
    +gen_probe_in_sync[99].sync_probe_in_U:syncer                   3(3)        0(0)        0(0)      0(0)      0(0)
    +gen_probe_in_sync[100].sync_probe_in_U:syncer                  3(3)        0(0)        0(0)      0(0)      0(0)
    +gen_probe_in_sync[101].sync_probe_in_U:syncer                  3(3)        0(0)        0(0)      0(0)      0(0)
    +gen_probe_in_sync[102].sync_probe_in_U:syncer                  3(3)        0(0)        0(0)      0(0)      0(0)
    +gen_probe_in_sync[103].sync_probe_in_U:syncer                  3(3)        0(0)        0(0)      0(0)      0(0)
    +gen_probe_in_sync[104].sync_probe_in_U:syncer                  3(3)        0(0)        0(0)      0(0)      0(0)
    +gen_probe_in_sync[105].sync_probe_in_U:syncer                  3(3)        0(0)        0(0)      0(0)      0(0)
    +gen_probe_in_sync[106].sync_probe_in_U:syncer                  3(3)        0(0)        0(0)      0(0)      0(0)
    +gen_probe_in_sync[107].sync_probe_in_U:syncer                  3(3)        0(0)        0(0)      0(0)      0(0)
    +gen_probe_in_sync[108].sync_probe_in_U:syncer                  3(3)        0(0)        0(0)      0(0)      0(0)
    +gen_probe_in_sync[109].sync_probe_in_U:syncer                  3(3)        0(0)        0(0)      0(0)      0(0)
    +gen_probe_in_sync[110].sync_probe_in_U:syncer                  3(3)        0(0)        0(0)      0(0)      0(0)
    +gen_probe_in_sync[111].sync_probe_in_U:syncer                  3(3)        0(0)        0(0)      0(0)      0(0)
    +gen_probe_in_sync[112].sync_probe_in_U:syncer                  3(3)        0(0)        1(1)      0(0)      0(0)
    +gen_probe_in_sync[113].sync_probe_in_U:syncer                  3(3)        0(0)        1(1)      0(0)      0(0)
    +gen_probe_in_sync[114].sync_probe_in_U:syncer                  3(3)        0(0)        1(1)      0(0)      0(0)
    +gen_probe_in_sync[115].sync_probe_in_U:syncer                  3(3)        0(0)        1(1)      0(0)      0(0)
    +gen_probe_in_sync[116].sync_probe_in_U:syncer                  3(3)        0(0)        1(1)      0(0)      0(0)
    +gen_probe_in_sync[117].sync_probe_in_U:syncer                  3(3)        0(0)        1(1)      0(0)      0(0)
    +gen_probe_in_sync[118].sync_probe_in_U:syncer                  3(3)        0(0)        1(1)      0(0)      0(0)
    +gen_probe_in_sync[119].sync_probe_in_U:syncer                  3(3)        0(0)        1(1)      0(0)      0(0)
    +gen_probe_in_sync[120].sync_probe_in_U:syncer                  3(3)        0(0)        1(1)      0(0)      0(0)
    +gen_probe_in_sync[121].sync_probe_in_U:syncer                  3(3)        0(0)        1(1)      0(0)      0(0)
    +gen_probe_in_sync[122].sync_probe_in_U:syncer                  3(3)        0(0)        1(1)      0(0)      0(0)
    +gen_probe_in_sync[123].sync_probe_in_U:syncer                  3(3)        0(0)        1(1)      0(0)      0(0)
    +gen_probe_in_sync[124].sync_probe_in_U:syncer                  3(3)        0(0)        1(1)      0(0)      0(0)
    +gen_probe_in_sync[125].sync_probe_in_U:syncer                  3(3)        0(0)        1(1)      0(0)      0(0)
    +gen_probe_in_sync[126].sync_probe_in_U:syncer                  3(3)        0(0)        1(1)      0(0)      0(0)
    +gen_probe_in_sync[127].sync_probe_in_U:syncer                  3(3)        0(0)        1(1)      0(0)      0(0)
    +gen_probe_in_sync[128].sync_probe_in_U:syncer                  3(3)        0(0)        0(0)      0(0)      0(0)
    +gen_probe_in_sync[129].sync_probe_in_U:syncer                  3(3)        0(0)        0(0)      0(0)      0(0)
    +gen_probe_in_sync[130].sync_probe_in_U:syncer                  3(3)        0(0)        0(0)      0(0)      0(0)
    +gen_probe_in_sync[131].sync_probe_in_U:syncer                  3(3)        0(0)        0(0)      0(0)      0(0)
    +gen_probe_in_sync[132].sync_probe_in_U:syncer                  3(3)        0(0)        0(0)      0(0)      0(0)
    +gen_probe_in_sync[133].sync_probe_in_U:syncer                  3(3)        0(0)        0(0)      0(0)      0(0)
    +gen_probe_in_sync[134].sync_probe_in_U:syncer                  3(3)        0(0)        0(0)      0(0)      0(0)
    +gen_probe_in_sync[135].sync_probe_in_U:syncer                  3(3)        0(0)        0(0)      0(0)      0(0)
    +gen_probe_in_sync[136].sync_probe_in_U:syncer                  3(3)        0(0)        0(0)      0(0)      0(0)
    +gen_probe_in_sync[137].sync_probe_in_U:syncer                  3(3)        0(0)        0(0)      0(0)      0(0)
    +gen_probe_in_sync[138].sync_probe_in_U:syncer                  3(3)        0(0)        0(0)      0(0)      0(0)
    +gen_probe_in_sync[139].sync_probe_in_U:syncer                  3(3)        0(0)        0(0)      0(0)      0(0)
    +gen_probe_in_sync[140].sync_probe_in_U:syncer                  3(3)        0(0)        0(0)      0(0)      0(0)
    +gen_probe_in_sync[141].sync_probe_in_U:syncer                  3(3)        0(0)        0(0)      0(0)      0(0)
    +gen_probe_in_sync[142].sync_probe_in_U:syncer                  3(3)        0(0)        0(0)      0(0)      0(0)
    +gen_probe_in_sync[143].sync_probe_in_U:syncer                  3(3)        0(0)        0(0)      0(0)      0(0)
    +gen_probe_in_sync[144].sync_probe_in_U:syncer                  3(3)        0(0)        1(1)      0(0)      0(0)
    +gen_probe_in_sync[145].sync_probe_in_U:syncer                  3(3)        0(0)        1(1)      0(0)      0(0)
    +gen_probe_in_sync[146].sync_probe_in_U:syncer                  3(3)        0(0)        1(1)      0(0)      0(0)
    +gen_probe_in_sync[147].sync_probe_in_U:syncer                  3(3)        0(0)        1(1)      0(0)      0(0)
    +gen_probe_in_sync[148].sync_probe_in_U:syncer                  3(3)        0(0)        1(1)      0(0)      0(0)
    +gen_probe_in_sync[149].sync_probe_in_U:syncer                  3(3)        0(0)        1(1)      0(0)      0(0)
    +gen_probe_in_sync[150].sync_probe_in_U:syncer                  3(3)        0(0)        1(1)      0(0)      0(0)
    +gen_probe_in_sync[151].sync_probe_in_U:syncer                  3(3)        0(0)        1(1)      0(0)      0(0)
    +gen_probe_in_sync[152].sync_probe_in_U:syncer                  3(3)        0(0)        1(1)      0(0)      0(0)
    +gen_probe_in_sync[153].sync_probe_in_U:syncer                  3(3)        0(0)        1(1)      0(0)      0(0)
    +gen_probe_in_sync[154].sync_probe_in_U:syncer                  3(3)        0(0)        1(1)      0(0)      0(0)
    +gen_probe_in_sync[155].sync_probe_in_U:syncer                  3(3)        0(0)        1(1)      0(0)      0(0)
    +gen_probe_in_sync[156].sync_probe_in_U:syncer                  3(3)        0(0)        1(1)      0(0)      0(0)
    +gen_probe_in_sync[157].sync_probe_in_U:syncer                  3(3)        0(0)        1(1)      0(0)      0(0)
    +gen_probe_in_sync[158].sync_probe_in_U:syncer                  3(3)        0(0)        1(1)      0(0)      0(0)
    +gen_probe_in_sync[159].sync_probe_in_U:syncer                  3(3)        0(0)        1(1)      0(0)      0(0)
    +gen_probe_in_sync[160].sync_probe_in_U:syncer                  3(3)        0(0)        0(0)      0(0)      0(0)
    +gen_probe_in_sync[161].sync_probe_in_U:syncer                  3(3)        0(0)        0(0)      0(0)      0(0)
    +gen_probe_in_sync[162].sync_probe_in_U:syncer                  3(3)        0(0)        0(0)      0(0)      0(0)
    +gen_probe_in_sync[163].sync_probe_in_U:syncer                  3(3)        0(0)        0(0)      0(0)      0(0)
    +gen_probe_in_sync[164].sync_probe_in_U:syncer                  3(3)        0(0)        0(0)      0(0)      0(0)
    +gen_probe_in_sync[165].sync_probe_in_U:syncer                  3(3)        0(0)        0(0)      0(0)      0(0)
    +gen_probe_in_sync[166].sync_probe_in_U:syncer                  3(3)        0(0)        0(0)      0(0)      0(0)
    +gen_probe_in_sync[167].sync_probe_in_U:syncer                  3(3)        0(0)        0(0)      0(0)      0(0)
    +gen_probe_in_sync[168].sync_probe_in_U:syncer                  3(3)        0(0)        0(0)      0(0)      0(0)
    +gen_probe_in_sync[169].sync_probe_in_U:syncer                  3(3)        0(0)        0(0)      0(0)      0(0)
    +gen_probe_in_sync[170].sync_probe_in_U:syncer                  3(3)        0(0)        0(0)      0(0)      0(0)
    +gen_probe_in_sync[171].sync_probe_in_U:syncer                  3(3)        0(0)        0(0)      0(0)      0(0)
    +gen_probe_in_sync[172].sync_probe_in_U:syncer                  3(3)        0(0)        0(0)      0(0)      0(0)
    +gen_probe_in_sync[173].sync_probe_in_U:syncer                  3(3)        0(0)        0(0)      0(0)      0(0)
    +gen_probe_in_sync[174].sync_probe_in_U:syncer                  3(3)        0(0)        0(0)      0(0)      0(0)
    +gen_probe_in_sync[175].sync_probe_in_U:syncer                  3(3)        0(0)        0(0)      0(0)      0(0)
    +gen_probe_in_sync[176].sync_probe_in_U:syncer                  3(3)        0(0)        1(1)      0(0)      0(0)
    +gen_probe_in_sync[177].sync_probe_in_U:syncer                  3(3)        0(0)        1(1)      0(0)      0(0)
    +gen_probe_in_sync[178].sync_probe_in_U:syncer                  3(3)        0(0)        1(1)      0(0)      0(0)
    +gen_probe_in_sync[179].sync_probe_in_U:syncer                  3(3)        0(0)        1(1)      0(0)      0(0)
    +gen_probe_in_sync[180].sync_probe_in_U:syncer                  3(3)        0(0)        1(1)      0(0)      0(0)
    +gen_probe_in_sync[181].sync_probe_in_U:syncer                  3(3)        0(0)        1(1)      0(0)      0(0)
    +gen_probe_in_sync[182].sync_probe_in_U:syncer                  3(3)        0(0)        1(1)      0(0)      0(0)
    +gen_probe_in_sync[183].sync_probe_in_U:syncer                  3(3)        0(0)        1(1)      0(0)      0(0)
    +gen_probe_in_sync[184].sync_probe_in_U:syncer                  3(3)        0(0)        1(1)      0(0)      0(0)
    +gen_probe_in_sync[185].sync_probe_in_U:syncer                  3(3)        0(0)        1(1)      0(0)      0(0)
    +gen_probe_in_sync[186].sync_probe_in_U:syncer                  3(3)        0(0)        1(1)      0(0)      0(0)
    +gen_probe_in_sync[187].sync_probe_in_U:syncer                  3(3)        0(0)        1(1)      0(0)      0(0)
    +gen_probe_in_sync[188].sync_probe_in_U:syncer                  3(3)        0(0)        1(1)      0(0)      0(0)
    +gen_probe_in_sync[189].sync_probe_in_U:syncer                  3(3)        0(0)        1(1)      0(0)      0(0)
    +gen_probe_in_sync[190].sync_probe_in_U:syncer                  3(3)        0(0)        1(1)      0(0)      0(0)
    +gen_probe_in_sync[191].sync_probe_in_U:syncer                  3(3)        0(0)        1(1)      0(0)      0(0)
    +gen_probe_in_sync[192].sync_probe_in_U:syncer                  3(3)        0(0)        0(0)      0(0)      0(0)
    +gen_probe_in_sync[193].sync_probe_in_U:syncer                  3(3)        0(0)        0(0)      0(0)      0(0)
    +gen_probe_in_sync[194].sync_probe_in_U:syncer                  3(3)        0(0)        0(0)      0(0)      0(0)
    +gen_probe_in_sync[195].sync_probe_in_U:syncer                  3(3)        0(0)        0(0)      0(0)      0(0)
    +gen_probe_in_sync[196].sync_probe_in_U:syncer                  3(3)        0(0)        0(0)      0(0)      0(0)
    +gen_probe_in_sync[197].sync_probe_in_U:syncer                  3(3)        0(0)        0(0)      0(0)      0(0)
    +gen_probe_in_sync[198].sync_probe_in_U:syncer                  3(3)        0(0)        0(0)      0(0)      0(0)
    +gen_probe_in_sync[199].sync_probe_in_U:syncer                  3(3)        0(0)        0(0)      0(0)      0(0)
    +gen_probe_in_sync[200].sync_probe_in_U:syncer                  3(3)        0(0)        0(0)      0(0)      0(0)
    +gen_probe_in_sync[201].sync_probe_in_U:syncer                  3(3)        0(0)        0(0)      0(0)      0(0)
    +gen_probe_in_sync[202].sync_probe_in_U:syncer                  3(3)        0(0)        0(0)      0(0)      0(0)
    +gen_probe_in_sync[203].sync_probe_in_U:syncer                  3(3)        0(0)        0(0)      0(0)      0(0)
    +gen_probe_in_sync[204].sync_probe_in_U:syncer                  3(3)        0(0)        0(0)      0(0)      0(0)
    +gen_probe_in_sync[205].sync_probe_in_U:syncer                  3(3)        0(0)        0(0)      0(0)      0(0)
    +gen_probe_in_sync[206].sync_probe_in_U:syncer                  3(3)        0(0)        0(0)      0(0)      0(0)
    +gen_probe_in_sync[207].sync_probe_in_U:syncer                  3(3)        0(0)        0(0)      0(0)      0(0)
    +gen_probe_in_sync[208].sync_probe_in_U:syncer                  3(3)        0(0)        1(1)      0(0)      0(0)
    +gen_probe_in_sync[209].sync_probe_in_U:syncer                  3(3)        0(0)        1(1)      0(0)      0(0)
    +gen_probe_in_sync[210].sync_probe_in_U:syncer                  3(3)        0(0)        1(1)      0(0)      0(0)
    +gen_probe_in_sync[211].sync_probe_in_U:syncer                  3(3)        0(0)        1(1)      0(0)      0(0)
    +gen_probe_in_sync[212].sync_probe_in_U:syncer                  3(3)        0(0)        1(1)      0(0)      0(0)
    +gen_probe_in_sync[213].sync_probe_in_U:syncer                  3(3)        0(0)        1(1)      0(0)      0(0)
    +gen_probe_in_sync[214].sync_probe_in_U:syncer                  3(3)        0(0)        1(1)      0(0)      0(0)
    +gen_probe_in_sync[215].sync_probe_in_U:syncer                  3(3)        0(0)        1(1)      0(0)      0(0)
    +gen_probe_in_sync[216].sync_probe_in_U:syncer                  3(3)        0(0)        1(1)      0(0)      0(0)
    +gen_probe_in_sync[217].sync_probe_in_U:syncer                  3(3)        0(0)        1(1)      0(0)      0(0)
    +gen_probe_in_sync[218].sync_probe_in_U:syncer                  3(3)        0(0)        1(1)      0(0)      0(0)
    +gen_probe_in_sync[219].sync_probe_in_U:syncer                  3(3)        0(0)        1(1)      0(0)      0(0)
    +gen_probe_in_sync[220].sync_probe_in_U:syncer                  3(3)        0(0)        1(1)      0(0)      0(0)
    +gen_probe_in_sync[221].sync_probe_in_U:syncer                  3(3)        0(0)        1(1)      0(0)      0(0)
    +gen_probe_in_sync[222].sync_probe_in_U:syncer                  3(3)        0(0)        1(1)      0(0)      0(0)
    +gen_probe_in_sync[223].sync_probe_in_U:syncer                  3(3)        0(0)        1(1)      0(0)      0(0)
    +gen_probe_in_sync[224].sync_probe_in_U:syncer                  3(3)        0(0)        0(0)      0(0)      0(0)
    +gen_probe_in_sync[225].sync_probe_in_U:syncer                  3(3)        0(0)        0(0)      0(0)      0(0)
    +gen_probe_in_sync[226].sync_probe_in_U:syncer                  3(3)        0(0)        0(0)      0(0)      0(0)
    +gen_probe_in_sync[227].sync_probe_in_U:syncer                  3(3)        0(0)        0(0)      0(0)      0(0)
    +gen_probe_in_sync[228].sync_probe_in_U:syncer                  3(3)        0(0)        0(0)      0(0)      0(0)
    +gen_probe_in_sync[229].sync_probe_in_U:syncer                  3(3)        0(0)        0(0)      0(0)      0(0)
    +gen_probe_in_sync[230].sync_probe_in_U:syncer                  3(3)        0(0)        0(0)      0(0)      0(0)
    +gen_probe_in_sync[231].sync_probe_in_U:syncer                  3(3)        0(0)        0(0)      0(0)      0(0)
    +gen_probe_in_sync[232].sync_probe_in_U:syncer                  3(3)        0(0)        0(0)      0(0)      0(0)
    +gen_probe_in_sync[233].sync_probe_in_U:syncer                  3(3)        0(0)        0(0)      0(0)      0(0)
    +gen_probe_in_sync[234].sync_probe_in_U:syncer                  3(3)        0(0)        0(0)      0(0)      0(0)
    +gen_probe_in_sync[235].sync_probe_in_U:syncer                  3(3)        0(0)        0(0)      0(0)      0(0)
    +gen_probe_in_sync[236].sync_probe_in_U:syncer                  3(3)        0(0)        0(0)      0(0)      0(0)
    +gen_probe_in_sync[237].sync_probe_in_U:syncer                  3(3)        0(0)        0(0)      0(0)      0(0)
    +gen_probe_in_sync[238].sync_probe_in_U:syncer                  3(3)        0(0)        0(0)      0(0)      0(0)
    +gen_probe_in_sync[239].sync_probe_in_U:syncer                  3(3)        0(0)        0(0)      0(0)      0(0)
    +gen_probe_in_sync[240].sync_probe_in_U:syncer                  3(3)        0(0)        1(1)      0(0)      0(0)
    +gen_probe_in_sync[241].sync_probe_in_U:syncer                  3(3)        0(0)        1(1)      0(0)      0(0)
    +gen_probe_in_sync[242].sync_probe_in_U:syncer                  3(3)        0(0)        1(1)      0(0)      0(0)
    +gen_probe_in_sync[243].sync_probe_in_U:syncer                  3(3)        0(0)        1(1)      0(0)      0(0)
    +gen_probe_in_sync[244].sync_probe_in_U:syncer                  3(3)        0(0)        1(1)      0(0)      0(0)
    +gen_probe_in_sync[245].sync_probe_in_U:syncer                  3(3)        0(0)        1(1)      0(0)      0(0)
    +gen_probe_in_sync[246].sync_probe_in_U:syncer                  3(3)        0(0)        1(1)      0(0)      0(0)
    +gen_probe_in_sync[247].sync_probe_in_U:syncer                  3(3)        0(0)        1(1)      0(0)      0(0)
    +gen_probe_in_sync[248].sync_probe_in_U:syncer                  3(3)        0(0)        1(1)      0(0)      0(0)
    +gen_probe_in_sync[249].sync_probe_in_U:syncer                  3(3)        0(0)        1(1)      0(0)      0(0)
    +gen_probe_in_sync[250].sync_probe_in_U:syncer                  3(3)        0(0)        1(1)      0(0)      0(0)
    +gen_probe_in_sync[251].sync_probe_in_U:syncer                  3(3)        0(0)        1(1)      0(0)      0(0)
    +gen_probe_in_sync[252].sync_probe_in_U:syncer                  3(3)        0(0)        1(1)      0(0)      0(0)
    +gen_probe_in_sync[253].sync_probe_in_U:syncer                  3(3)        0(0)        1(1)      0(0)      0(0)
    +gen_probe_in_sync[254].sync_probe_in_U:syncer                  3(3)        0(0)        1(1)      0(0)      0(0)
    +gen_probe_in_sync[255].sync_probe_in_U:syncer                  3(3)        0(0)        1(1)      0(0)      0(0)
    +gen_probe_in_sync[256].sync_probe_in_U:syncer                  3(3)        0(0)        0(0)      0(0)      0(0)
    +gen_probe_in_sync[257].sync_probe_in_U:syncer                  3(3)        0(0)        0(0)      0(0)      0(0)
    +gen_probe_in_sync[258].sync_probe_in_U:syncer                  3(3)        0(0)        0(0)      0(0)      0(0)
    +gen_probe_in_sync[259].sync_probe_in_U:syncer                  3(3)        0(0)        0(0)      0(0)      0(0)
    +gen_probe_in_sync[260].sync_probe_in_U:syncer                  3(3)        0(0)        0(0)      0(0)      0(0)
    +gen_probe_in_sync[261].sync_probe_in_U:syncer                  3(3)        0(0)        0(0)      0(0)      0(0)
    +gen_probe_in_sync[262].sync_probe_in_U:syncer                  3(3)        0(0)        0(0)      0(0)      0(0)
    +gen_probe_in_sync[263].sync_probe_in_U:syncer                  3(3)        0(0)        0(0)      0(0)      0(0)
    +gen_probe_in_sync[264].sync_probe_in_U:syncer                  3(3)        0(0)        0(0)      0(0)      0(0)
    +gen_probe_in_sync[265].sync_probe_in_U:syncer                  3(3)        0(0)        0(0)      0(0)      0(0)
    +gen_probe_in_sync[266].sync_probe_in_U:syncer                  3(3)        0(0)        0(0)      0(0)      0(0)
    +gen_probe_in_sync[267].sync_probe_in_U:syncer                  3(3)        0(0)        0(0)      0(0)      0(0)
    +gen_probe_in_sync[268].sync_probe_in_U:syncer                  3(3)        0(0)        0(0)      0(0)      0(0)
    +gen_probe_in_sync[269].sync_probe_in_U:syncer                  3(3)        0(0)        0(0)      0(0)      0(0)
    +gen_probe_in_sync[270].sync_probe_in_U:syncer                  3(3)        0(0)        0(0)      0(0)      0(0)
    +gen_probe_in_sync[271].sync_probe_in_U:syncer                  3(3)        0(0)        0(0)      0(0)      0(0)
    +gen_probe_in_sync[272].sync_probe_in_U:syncer                  3(3)        0(0)        1(1)      0(0)      0(0)
    +gen_probe_in_sync[273].sync_probe_in_U:syncer                  3(3)        0(0)        1(1)      0(0)      0(0)
    +gen_probe_in_sync[274].sync_probe_in_U:syncer                  3(3)        0(0)        1(1)      0(0)      0(0)
    +gen_probe_in_sync[275].sync_probe_in_U:syncer                  3(3)        0(0)        1(1)      0(0)      0(0)
    +gen_probe_in_sync[276].sync_probe_in_U:syncer                  3(3)        0(0)        1(1)      0(0)      0(0)
    +gen_probe_in_sync[277].sync_probe_in_U:syncer                  3(3)        0(0)        1(1)      0(0)      0(0)
    +gen_probe_in_sync[278].sync_probe_in_U:syncer                  3(3)        0(0)        1(1)      0(0)      0(0)
    +gen_probe_in_sync[279].sync_probe_in_U:syncer                  3(3)        0(0)        1(1)      0(0)      0(0)
    +gen_probe_in_sync[280].sync_probe_in_U:syncer                  3(3)        0(0)        1(1)      0(0)      0(0)
    +gen_probe_in_sync[281].sync_probe_in_U:syncer                  3(3)        0(0)        1(1)      0(0)      0(0)
    +gen_probe_in_sync[282].sync_probe_in_U:syncer                  3(3)        0(0)        1(1)      0(0)      0(0)
    +gen_probe_in_sync[283].sync_probe_in_U:syncer                  3(3)        0(0)        1(1)      0(0)      0(0)
    +gen_probe_in_sync[284].sync_probe_in_U:syncer                  3(3)        0(0)        1(1)      0(0)      0(0)
    +gen_probe_in_sync[285].sync_probe_in_U:syncer                  3(3)        0(0)        1(1)      0(0)      0(0)
    +gen_probe_in_sync[286].sync_probe_in_U:syncer                  3(3)        0(0)        1(1)      0(0)      0(0)
    +gen_probe_in_sync[287].sync_probe_in_U:syncer                  3(3)        0(0)        1(1)      0(0)      0(0)
    +gen_probe_in_sync[288].sync_probe_in_U:syncer                  3(3)        0(0)        0(0)      0(0)      0(0)
    +gen_probe_in_sync[289].sync_probe_in_U:syncer                  3(3)        0(0)        0(0)      0(0)      0(0)
    +gen_probe_in_sync[290].sync_probe_in_U:syncer                  3(3)        0(0)        0(0)      0(0)      0(0)
    +gen_probe_in_sync[291].sync_probe_in_U:syncer                  3(3)        0(0)        0(0)      0(0)      0(0)
    +gen_probe_in_sync[292].sync_probe_in_U:syncer                  3(3)        0(0)        0(0)      0(0)      0(0)
    +gen_probe_in_sync[293].sync_probe_in_U:syncer                  3(3)        0(0)        0(0)      0(0)      0(0)
    +gen_probe_in_sync[294].sync_probe_in_U:syncer                  3(3)        0(0)        0(0)      0(0)      0(0)
    +gen_probe_in_sync[295].sync_probe_in_U:syncer                  3(3)        0(0)        0(0)      0(0)      0(0)
    +gen_probe_in_sync[296].sync_probe_in_U:syncer                  3(3)        0(0)        0(0)      0(0)      0(0)
    +gen_probe_in_sync[297].sync_probe_in_U:syncer                  3(3)        0(0)        0(0)      0(0)      0(0)
    +gen_probe_in_sync[298].sync_probe_in_U:syncer                  3(3)        0(0)        0(0)      0(0)      0(0)
    +gen_probe_in_sync[299].sync_probe_in_U:syncer                  3(3)        0(0)        0(0)      0(0)      0(0)
    +gen_probe_in_sync[300].sync_probe_in_U:syncer                  3(3)        0(0)        0(0)      0(0)      0(0)
    +gen_probe_in_sync[301].sync_probe_in_U:syncer                  3(3)        0(0)        0(0)      0(0)      0(0)
    +gen_probe_in_sync[302].sync_probe_in_U:syncer                  3(3)        0(0)        0(0)      0(0)      0(0)
    +gen_probe_in_sync[303].sync_probe_in_U:syncer                  3(3)        0(0)        0(0)      0(0)      0(0)
    +gen_probe_in_sync[304].sync_probe_in_U:syncer                  3(3)        0(0)        1(1)      0(0)      0(0)
    +gen_probe_in_sync[305].sync_probe_in_U:syncer                  3(3)        0(0)        1(1)      0(0)      0(0)
    +gen_probe_in_sync[306].sync_probe_in_U:syncer                  3(3)        0(0)        1(1)      0(0)      0(0)
    +gen_probe_in_sync[307].sync_probe_in_U:syncer                  3(3)        0(0)        1(1)      0(0)      0(0)
    +gen_probe_in_sync[308].sync_probe_in_U:syncer                  3(3)        0(0)        1(1)      0(0)      0(0)
    +gen_probe_in_sync[309].sync_probe_in_U:syncer                  3(3)        0(0)        1(1)      0(0)      0(0)
    +gen_probe_in_sync[310].sync_probe_in_U:syncer                  3(3)        0(0)        1(1)      0(0)      0(0)
    +gen_probe_in_sync[311].sync_probe_in_U:syncer                  3(3)        0(0)        1(1)      0(0)      0(0)
    +gen_probe_in_sync[312].sync_probe_in_U:syncer                  3(3)        0(0)        1(1)      0(0)      0(0)
    +gen_probe_in_sync[313].sync_probe_in_U:syncer                  3(3)        0(0)        1(1)      0(0)      0(0)
    +gen_probe_in_sync[314].sync_probe_in_U:syncer                  3(3)        0(0)        1(1)      0(0)      0(0)
    +gen_probe_in_sync[315].sync_probe_in_U:syncer                  3(3)        0(0)        1(1)      0(0)      0(0)
    +gen_probe_in_sync[316].sync_probe_in_U:syncer                  3(3)        0(0)        1(1)      0(0)      0(0)
    +gen_probe_in_sync[317].sync_probe_in_U:syncer                  3(3)        0(0)        1(1)      0(0)      0(0)
    +gen_probe_in_sync[318].sync_probe_in_U:syncer                  3(3)        0(0)        1(1)      0(0)      0(0)
    +gen_probe_in_sync[319].sync_probe_in_U:syncer                  3(3)        0(0)        1(1)      0(0)      0(0)
    +gen_probe_in_sync[320].sync_probe_in_U:syncer                  3(3)        0(0)        0(0)      0(0)      0(0)
    +gen_probe_in_sync[321].sync_probe_in_U:syncer                  3(3)        0(0)        0(0)      0(0)      0(0)
    +gen_probe_in_sync[322].sync_probe_in_U:syncer                  3(3)        0(0)        0(0)      0(0)      0(0)
    +gen_probe_in_sync[323].sync_probe_in_U:syncer                  3(3)        0(0)        0(0)      0(0)      0(0)
    +gen_probe_in_sync[324].sync_probe_in_U:syncer                  3(3)        0(0)        0(0)      0(0)      0(0)
    +gen_probe_in_sync[325].sync_probe_in_U:syncer                  3(3)        0(0)        0(0)      0(0)      0(0)
    +gen_probe_in_sync[326].sync_probe_in_U:syncer                  3(3)        0(0)        0(0)      0(0)      0(0)
    +gen_probe_in_sync[327].sync_probe_in_U:syncer                  3(3)        0(0)        0(0)      0(0)      0(0)
    +gen_probe_in_sync[328].sync_probe_in_U:syncer                  3(3)        0(0)        0(0)      0(0)      0(0)
    +gen_probe_in_sync[329].sync_probe_in_U:syncer                  3(3)        0(0)        0(0)      0(0)      0(0)
    +gen_probe_in_sync[330].sync_probe_in_U:syncer                  3(3)        0(0)        0(0)      0(0)      0(0)
    +gen_probe_in_sync[331].sync_probe_in_U:syncer                  3(3)        0(0)        0(0)      0(0)      0(0)
    +gen_probe_in_sync[332].sync_probe_in_U:syncer                  3(3)        0(0)        0(0)      0(0)      0(0)
    +gen_probe_in_sync[333].sync_probe_in_U:syncer                  3(3)        0(0)        0(0)      0(0)      0(0)
    +gen_probe_in_sync[334].sync_probe_in_U:syncer                  3(3)        0(0)        0(0)      0(0)      0(0)
    +gen_probe_in_sync[335].sync_probe_in_U:syncer                  3(3)        0(0)        0(0)      0(0)      0(0)
    +gen_probe_in_sync[336].sync_probe_in_U:syncer                  3(3)        0(0)        1(1)      0(0)      0(0)
    +gen_probe_in_sync[337].sync_probe_in_U:syncer                  3(3)        0(0)        1(1)      0(0)      0(0)
    +gen_probe_in_sync[338].sync_probe_in_U:syncer                  3(3)        0(0)        1(1)      0(0)      0(0)
    +gen_probe_in_sync[339].sync_probe_in_U:syncer                  3(3)        0(0)        1(1)      0(0)      0(0)
    +gen_probe_in_sync[340].sync_probe_in_U:syncer                  3(3)        0(0)        1(1)      0(0)      0(0)
    +gen_probe_in_sync[341].sync_probe_in_U:syncer                  3(3)        0(0)        1(1)      0(0)      0(0)
    +gen_probe_in_sync[342].sync_probe_in_U:syncer                  3(3)        0(0)        1(1)      0(0)      0(0)
    +gen_probe_in_sync[343].sync_probe_in_U:syncer                  3(3)        0(0)        1(1)      0(0)      0(0)
    +gen_probe_in_sync[344].sync_probe_in_U:syncer                  3(3)        0(0)        1(1)      0(0)      0(0)
    +gen_probe_in_sync[345].sync_probe_in_U:syncer                  3(3)        0(0)        1(1)      0(0)      0(0)
    +gen_probe_in_sync[346].sync_probe_in_U:syncer                  3(3)        0(0)        1(1)      0(0)      0(0)
    +gen_probe_in_sync[347].sync_probe_in_U:syncer                  3(3)        0(0)        1(1)      0(0)      0(0)
    +gen_probe_in_sync[348].sync_probe_in_U:syncer                  3(3)        0(0)        1(1)      0(0)      0(0)
    +gen_probe_in_sync[349].sync_probe_in_U:syncer                  3(3)        0(0)        1(1)      0(0)      0(0)
    +gen_probe_in_sync[350].sync_probe_in_U:syncer                  3(3)        0(0)        1(1)      0(0)      0(0)
    +gen_probe_in_sync[351].sync_probe_in_U:syncer                  3(3)        0(0)        1(1)      0(0)      0(0)
    +gen_probe_in_sync[352].sync_probe_in_U:syncer                  3(3)        0(0)        0(0)      0(0)      0(0)
    +gen_probe_in_sync[353].sync_probe_in_U:syncer                  3(3)        0(0)        0(0)      0(0)      0(0)
    +gen_probe_in_sync[354].sync_probe_in_U:syncer                  3(3)        0(0)        0(0)      0(0)      0(0)
    +gen_probe_in_sync[355].sync_probe_in_U:syncer                  3(3)        0(0)        0(0)      0(0)      0(0)
    +gen_probe_in_sync[356].sync_probe_in_U:syncer                  3(3)        0(0)        0(0)      0(0)      0(0)
    +gen_probe_in_sync[357].sync_probe_in_U:syncer                  3(3)        0(0)        0(0)      0(0)      0(0)
    +gen_probe_in_sync[358].sync_probe_in_U:syncer                  3(3)        0(0)        0(0)      0(0)      0(0)
    +gen_probe_in_sync[359].sync_probe_in_U:syncer                  3(3)        0(0)        0(0)      0(0)      0(0)
    +gen_probe_in_sync[360].sync_probe_in_U:syncer                  3(3)        0(0)        0(0)      0(0)      0(0)
    +gen_probe_in_sync[361].sync_probe_in_U:syncer                  3(3)        0(0)        0(0)      0(0)      0(0)
    +gen_probe_in_sync[362].sync_probe_in_U:syncer                  3(3)        0(0)        0(0)      0(0)      0(0)
    +gen_probe_in_sync[363].sync_probe_in_U:syncer                  3(3)        0(0)        0(0)      0(0)      0(0)
    +gen_probe_in_sync[364].sync_probe_in_U:syncer                  3(3)        0(0)        0(0)      0(0)      0(0)
    +gen_probe_in_sync[365].sync_probe_in_U:syncer                  3(3)        0(0)        0(0)      0(0)      0(0)
    +gen_probe_in_sync[366].sync_probe_in_U:syncer                  3(3)        0(0)        0(0)      0(0)      0(0)
    +gen_probe_in_sync[367].sync_probe_in_U:syncer                  3(3)        0(0)        0(0)      0(0)      0(0)
    +gen_probe_in_sync[368].sync_probe_in_U:syncer                  3(3)        0(0)        1(1)      0(0)      0(0)
    +gen_probe_in_sync[369].sync_probe_in_U:syncer                  3(3)        0(0)        1(1)      0(0)      0(0)
    +gen_probe_in_sync[370].sync_probe_in_U:syncer                  3(3)        0(0)        1(1)      0(0)      0(0)
    +gen_probe_in_sync[371].sync_probe_in_U:syncer                  3(3)        0(0)        1(1)      0(0)      0(0)
    +gen_probe_in_sync[372].sync_probe_in_U:syncer                  3(3)        0(0)        1(1)      0(0)      0(0)
    +gen_probe_in_sync[373].sync_probe_in_U:syncer                  3(3)        0(0)        1(1)      0(0)      0(0)
    +gen_probe_in_sync[374].sync_probe_in_U:syncer                  3(3)        0(0)        1(1)      0(0)      0(0)
    +gen_probe_in_sync[375].sync_probe_in_U:syncer                  3(3)        0(0)        1(1)      0(0)      0(0)
    +gen_probe_in_sync[376].sync_probe_in_U:syncer                  3(3)        0(0)        1(1)      0(0)      0(0)
    +gen_probe_in_sync[377].sync_probe_in_U:syncer                  3(3)        0(0)        1(1)      0(0)      0(0)
    +gen_probe_in_sync[378].sync_probe_in_U:syncer                  3(3)        0(0)        1(1)      0(0)      0(0)
    +gen_probe_in_sync[379].sync_probe_in_U:syncer                  3(3)        0(0)        1(1)      0(0)      0(0)
    +gen_probe_in_sync[380].sync_probe_in_U:syncer                  3(3)        0(0)        1(1)      0(0)      0(0)
    +gen_probe_in_sync[381].sync_probe_in_U:syncer                  3(3)        0(0)        1(1)      0(0)      0(0)
    +gen_probe_in_sync[382].sync_probe_in_U:syncer                  3(3)        0(0)        1(1)      0(0)      0(0)
    +gen_probe_in_sync[383].sync_probe_in_U:syncer                  3(3)        0(0)        1(1)      0(0)      0(0)
    +gen_probe_in_sync[384].sync_probe_in_U:syncer                  3(3)        0(0)        0(0)      0(0)      0(0)
    +gen_probe_in_sync[385].sync_probe_in_U:syncer                  3(3)        0(0)        0(0)      0(0)      0(0)
    +gen_probe_in_sync[386].sync_probe_in_U:syncer                  3(3)        0(0)        0(0)      0(0)      0(0)
    +gen_probe_in_sync[387].sync_probe_in_U:syncer                  3(3)        0(0)        0(0)      0(0)      0(0)
    +gen_probe_in_sync[388].sync_probe_in_U:syncer                  3(3)        0(0)        0(0)      0(0)      0(0)
    +gen_probe_in_sync[389].sync_probe_in_U:syncer                  3(3)        0(0)        0(0)      0(0)      0(0)
    +gen_probe_in_sync[390].sync_probe_in_U:syncer                  3(3)        0(0)        0(0)      0(0)      0(0)
    +gen_probe_in_sync[391].sync_probe_in_U:syncer                  3(3)        0(0)        0(0)      0(0)      0(0)
    +gen_probe_in_sync[392].sync_probe_in_U:syncer                  3(3)        0(0)        0(0)      0(0)      0(0)
    +gen_probe_in_sync[393].sync_probe_in_U:syncer                  3(3)        0(0)        0(0)      0(0)      0(0)
    +gen_probe_in_sync[394].sync_probe_in_U:syncer                  3(3)        0(0)        0(0)      0(0)      0(0)
    +gen_probe_in_sync[395].sync_probe_in_U:syncer                  3(3)        0(0)        0(0)      0(0)      0(0)
    +gen_probe_in_sync[396].sync_probe_in_U:syncer                  3(3)        0(0)        0(0)      0(0)      0(0)
    +gen_probe_in_sync[397].sync_probe_in_U:syncer                  3(3)        0(0)        0(0)      0(0)      0(0)
    +gen_probe_in_sync[398].sync_probe_in_U:syncer                  3(3)        0(0)        0(0)      0(0)      0(0)
    +gen_probe_in_sync[399].sync_probe_in_U:syncer                  3(3)        0(0)        0(0)      0(0)      0(0)
    +gen_probe_in_sync[400].sync_probe_in_U:syncer                  3(3)        0(0)        1(1)      0(0)      0(0)
    +gen_probe_in_sync[401].sync_probe_in_U:syncer                  3(3)        0(0)        1(1)      0(0)      0(0)
    +gen_probe_in_sync[402].sync_probe_in_U:syncer                  3(3)        0(0)        1(1)      0(0)      0(0)
    +gen_probe_in_sync[403].sync_probe_in_U:syncer                  3(3)        0(0)        1(1)      0(0)      0(0)
    +gen_probe_in_sync[404].sync_probe_in_U:syncer                  3(3)        0(0)        1(1)      0(0)      0(0)
    +gen_probe_in_sync[405].sync_probe_in_U:syncer                  3(3)        0(0)        1(1)      0(0)      0(0)
    +gen_probe_in_sync[406].sync_probe_in_U:syncer                  3(3)        0(0)        1(1)      0(0)      0(0)
    +gen_probe_in_sync[407].sync_probe_in_U:syncer                  3(3)        0(0)        1(1)      0(0)      0(0)
    +gen_probe_in_sync[408].sync_probe_in_U:syncer                  3(3)        0(0)        1(1)      0(0)      0(0)
    +gen_probe_in_sync[409].sync_probe_in_U:syncer                  3(3)        0(0)        1(1)      0(0)      0(0)
    +gen_probe_in_sync[410].sync_probe_in_U:syncer                  3(3)        0(0)        1(1)      0(0)      0(0)
    +gen_probe_in_sync[411].sync_probe_in_U:syncer                  3(3)        0(0)        1(1)      0(0)      0(0)
    +gen_probe_in_sync[412].sync_probe_in_U:syncer                  3(3)        0(0)        1(1)      0(0)      0(0)
    +gen_probe_in_sync[413].sync_probe_in_U:syncer                  3(3)        0(0)        1(1)      0(0)      0(0)
    +gen_probe_in_sync[414].sync_probe_in_U:syncer                  3(3)        0(0)        1(1)      0(0)      0(0)
    +gen_probe_in_sync[415].sync_probe_in_U:syncer                  3(3)        0(0)        1(1)      0(0)      0(0)
    +gen_probe_in_sync[416].sync_probe_in_U:syncer                  3(3)        0(0)        0(0)      0(0)      0(0)
    +gen_probe_in_sync[417].sync_probe_in_U:syncer                  3(3)        0(0)        0(0)      0(0)      0(0)
    +gen_probe_in_sync[418].sync_probe_in_U:syncer                  3(3)        0(0)        0(0)      0(0)      0(0)
    +gen_probe_in_sync[419].sync_probe_in_U:syncer                  3(3)        0(0)        0(0)      0(0)      0(0)
    +gen_probe_in_sync[420].sync_probe_in_U:syncer                  3(3)        0(0)        0(0)      0(0)      0(0)
    +gen_probe_in_sync[421].sync_probe_in_U:syncer                  3(3)        0(0)        0(0)      0(0)      0(0)
    +gen_probe_in_sync[422].sync_probe_in_U:syncer                  3(3)        0(0)        0(0)      0(0)      0(0)
    +gen_probe_in_sync[423].sync_probe_in_U:syncer                  3(3)        0(0)        0(0)      0(0)      0(0)
    +gen_probe_in_sync[424].sync_probe_in_U:syncer                  3(3)        0(0)        0(0)      0(0)      0(0)
    +gen_probe_in_sync[425].sync_probe_in_U:syncer                  3(3)        0(0)        0(0)      0(0)      0(0)
    +gen_probe_in_sync[426].sync_probe_in_U:syncer                  3(3)        0(0)        0(0)      0(0)      0(0)
    +gen_probe_in_sync[427].sync_probe_in_U:syncer                  3(3)        0(0)        0(0)      0(0)      0(0)
    +gen_probe_in_sync[428].sync_probe_in_U:syncer                  3(3)        0(0)        0(0)      0(0)      0(0)
    +gen_probe_in_sync[429].sync_probe_in_U:syncer                  3(3)        0(0)        0(0)      0(0)      0(0)
    +gen_probe_in_sync[430].sync_probe_in_U:syncer                  3(3)        0(0)        0(0)      0(0)      0(0)
    +gen_probe_in_sync[431].sync_probe_in_U:syncer                  3(3)        0(0)        0(0)      0(0)      0(0)
    +gen_probe_in_sync[432].sync_probe_in_U:syncer                  3(3)        0(0)        1(1)      0(0)      0(0)
    +gen_probe_in_sync[433].sync_probe_in_U:syncer                  3(3)        0(0)        1(1)      0(0)      0(0)
    +gen_probe_in_sync[434].sync_probe_in_U:syncer                  3(3)        0(0)        1(1)      0(0)      0(0)
    +gen_probe_in_sync[435].sync_probe_in_U:syncer                  3(3)        0(0)        1(1)      0(0)      0(0)
    +gen_probe_in_sync[436].sync_probe_in_U:syncer                  3(3)        0(0)        1(1)      0(0)      0(0)
    +gen_probe_in_sync[437].sync_probe_in_U:syncer                  3(3)        0(0)        1(1)      0(0)      0(0)
    +gen_probe_in_sync[438].sync_probe_in_U:syncer                  3(3)        0(0)        1(1)      0(0)      0(0)
    +gen_probe_in_sync[439].sync_probe_in_U:syncer                  3(3)        0(0)        1(1)      0(0)      0(0)
    +gen_probe_in_sync[440].sync_probe_in_U:syncer                  3(3)        0(0)        1(1)      0(0)      0(0)
    +gen_probe_in_sync[441].sync_probe_in_U:syncer                  3(3)        0(0)        1(1)      0(0)      0(0)
    +gen_probe_in_sync[442].sync_probe_in_U:syncer                  3(3)        0(0)        1(1)      0(0)      0(0)
    +gen_probe_in_sync[443].sync_probe_in_U:syncer                  3(3)        0(0)        1(1)      0(0)      0(0)
    +gen_probe_in_sync[444].sync_probe_in_U:syncer                  3(3)        0(0)        1(1)      0(0)      0(0)
    +gen_probe_in_sync[445].sync_probe_in_U:syncer                  3(3)        0(0)        1(1)      0(0)      0(0)
    +gen_probe_in_sync[446].sync_probe_in_U:syncer                  3(3)        0(0)        1(1)      0(0)      0(0)
    +gen_probe_in_sync[447].sync_probe_in_U:syncer                  3(3)        0(0)        1(1)      0(0)      0(0)
    +gen_probe_in_sync[448].sync_probe_in_U:syncer                  3(3)        0(0)        0(0)      0(0)      0(0)
    +gen_probe_in_sync[449].sync_probe_in_U:syncer                  3(3)        0(0)        0(0)      0(0)      0(0)
    +gen_probe_in_sync[450].sync_probe_in_U:syncer                  3(3)        0(0)        0(0)      0(0)      0(0)
    +gen_probe_in_sync[451].sync_probe_in_U:syncer                  3(3)        0(0)        0(0)      0(0)      0(0)
    +gen_probe_in_sync[452].sync_probe_in_U:syncer                  3(3)        0(0)        0(0)      0(0)      0(0)
    +gen_probe_in_sync[453].sync_probe_in_U:syncer                  3(3)        0(0)        0(0)      0(0)      0(0)
    +gen_probe_in_sync[454].sync_probe_in_U:syncer                  3(3)        0(0)        0(0)      0(0)      0(0)
    +gen_probe_in_sync[455].sync_probe_in_U:syncer                  3(3)        0(0)        0(0)      0(0)      0(0)
    +gen_probe_in_sync[456].sync_probe_in_U:syncer                  3(3)        0(0)        0(0)      0(0)      0(0)
    +gen_probe_in_sync[457].sync_probe_in_U:syncer                  3(3)        0(0)        0(0)      0(0)      0(0)
    +gen_probe_in_sync[458].sync_probe_in_U:syncer                  3(3)        0(0)        0(0)      0(0)      0(0)
    +gen_probe_in_sync[459].sync_probe_in_U:syncer                  3(3)        0(0)        0(0)      0(0)      0(0)
    +gen_probe_in_sync[460].sync_probe_in_U:syncer                  3(3)        0(0)        0(0)      0(0)      0(0)
    +gen_probe_in_sync[461].sync_probe_in_U:syncer                  3(3)        0(0)        0(0)      0(0)      0(0)
    +gen_probe_in_sync[462].sync_probe_in_U:syncer                  3(3)        0(0)        0(0)      0(0)      0(0)
    +gen_probe_in_sync[463].sync_probe_in_U:syncer                  3(3)        0(0)        0(0)      0(0)      0(0)
    +gen_probe_in_sync[464].sync_probe_in_U:syncer                  3(3)        0(0)        1(1)      0(0)      0(0)
    +gen_probe_in_sync[465].sync_probe_in_U:syncer                  3(3)        0(0)        1(1)      0(0)      0(0)
    +gen_probe_in_sync[466].sync_probe_in_U:syncer                  3(3)        0(0)        1(1)      0(0)      0(0)
    +gen_probe_in_sync[467].sync_probe_in_U:syncer                  3(3)        0(0)        1(1)      0(0)      0(0)
    +gen_probe_in_sync[468].sync_probe_in_U:syncer                  3(3)        0(0)        1(1)      0(0)      0(0)
    +gen_probe_in_sync[469].sync_probe_in_U:syncer                  3(3)        0(0)        1(1)      0(0)      0(0)
    +gen_probe_in_sync[470].sync_probe_in_U:syncer                  3(3)        0(0)        1(1)      0(0)      0(0)
    +gen_probe_in_sync[471].sync_probe_in_U:syncer                  3(3)        0(0)        1(1)      0(0)      0(0)
    +gen_probe_in_sync[472].sync_probe_in_U:syncer                  3(3)        0(0)        1(1)      0(0)      0(0)
    +gen_probe_in_sync[473].sync_probe_in_U:syncer                  3(3)        0(0)        1(1)      0(0)      0(0)
    +gen_probe_in_sync[474].sync_probe_in_U:syncer                  3(3)        0(0)        1(1)      0(0)      0(0)
    +gen_probe_in_sync[475].sync_probe_in_U:syncer                  3(3)        0(0)        1(1)      0(0)      0(0)
    +gen_probe_in_sync[476].sync_probe_in_U:syncer                  3(3)        0(0)        1(1)      0(0)      0(0)
    +gen_probe_in_sync[477].sync_probe_in_U:syncer                  3(3)        0(0)        1(1)      0(0)      0(0)
    +gen_probe_in_sync[478].sync_probe_in_U:syncer                  3(3)        0(0)        1(1)      0(0)      0(0)
    +gen_probe_in_sync[479].sync_probe_in_U:syncer                  3(3)        0(0)        1(1)      0(0)      0(0)
    +gen_probe_in_sync[480].sync_probe_in_U:syncer                  3(3)        0(0)        0(0)      0(0)      0(0)
    +gen_probe_in_sync[481].sync_probe_in_U:syncer                  3(3)        0(0)        0(0)      0(0)      0(0)
    +gen_probe_in_sync[482].sync_probe_in_U:syncer                  3(3)        0(0)        0(0)      0(0)      0(0)
    +gen_probe_in_sync[483].sync_probe_in_U:syncer                  3(3)        0(0)        0(0)      0(0)      0(0)
    +gen_probe_in_sync[484].sync_probe_in_U:syncer                  3(3)        0(0)        0(0)      0(0)      0(0)
    +gen_probe_in_sync[485].sync_probe_in_U:syncer                  3(3)        0(0)        0(0)      0(0)      0(0)
    +gen_probe_in_sync[486].sync_probe_in_U:syncer                  3(3)        0(0)        0(0)      0(0)      0(0)
    +gen_probe_in_sync[487].sync_probe_in_U:syncer                  3(3)        0(0)        0(0)      0(0)      0(0)
    +gen_probe_in_sync[488].sync_probe_in_U:syncer                  3(3)        0(0)        0(0)      0(0)      0(0)
    +gen_probe_in_sync[489].sync_probe_in_U:syncer                  3(3)        0(0)        0(0)      0(0)      0(0)
    +gen_probe_in_sync[490].sync_probe_in_U:syncer                  3(3)        0(0)        0(0)      0(0)      0(0)
    +gen_probe_in_sync[491].sync_probe_in_U:syncer                  3(3)        0(0)        0(0)      0(0)      0(0)
    +gen_probe_in_sync[492].sync_probe_in_U:syncer                  3(3)        0(0)        0(0)      0(0)      0(0)
    +gen_probe_in_sync[493].sync_probe_in_U:syncer                  3(3)        0(0)        0(0)      0(0)      0(0)
    +gen_probe_in_sync[494].sync_probe_in_U:syncer                  3(3)        0(0)        0(0)      0(0)      0(0)
    +gen_probe_in_sync[495].sync_probe_in_U:syncer                  3(3)        0(0)        0(0)      0(0)      0(0)
    +gen_probe_in_sync[496].sync_probe_in_U:syncer                  3(3)        0(0)        1(1)      0(0)      0(0)
    +gen_probe_in_sync[497].sync_probe_in_U:syncer                  3(3)        0(0)        1(1)      0(0)      0(0)
    +gen_probe_in_sync[498].sync_probe_in_U:syncer                  3(3)        0(0)        1(1)      0(0)      0(0)
    +gen_probe_in_sync[499].sync_probe_in_U:syncer                  3(3)        0(0)        1(1)      0(0)      0(0)
    +gen_probe_in_sync[500].sync_probe_in_U:syncer                  3(3)        0(0)        1(1)      0(0)      0(0)
    +gen_probe_in_sync[501].sync_probe_in_U:syncer                  3(3)        0(0)        1(1)      0(0)      0(0)
    +gen_probe_in_sync[502].sync_probe_in_U:syncer                  3(3)        0(0)        1(1)      0(0)      0(0)
    +gen_probe_in_sync[503].sync_probe_in_U:syncer                  3(3)        0(0)        1(1)      0(0)      0(0)
    +gen_probe_in_sync[504].sync_probe_in_U:syncer                  3(3)        0(0)        1(1)      0(0)      0(0)
    +gen_probe_in_sync[505].sync_probe_in_U:syncer                  3(3)        0(0)        1(1)      0(0)      0(0)
    +gen_probe_in_sync[506].sync_probe_in_U:syncer                  3(3)        0(0)        1(1)      0(0)      0(0)
    +gen_probe_in_sync[507].sync_probe_in_U:syncer                  3(3)        0(0)        1(1)      0(0)      0(0)
    +gen_probe_in_sync[508].sync_probe_in_U:syncer                  3(3)        0(0)        1(1)      0(0)      0(0)
    +gen_probe_in_sync[509].sync_probe_in_U:syncer                  3(3)        0(0)        1(1)      0(0)      0(0)
    +gen_probe_in_sync[510].sync_probe_in_U:syncer                  3(3)        0(0)        1(1)      0(0)      0(0)
    +gen_probe_in_sync[511].sync_probe_in_U:syncer                  3(3)        0(0)        1(1)      0(0)      0(0)
  +debug_hub_inst:debug_hub                                       42(42)        0(0)      10(10)      0(0)      0(0)

### ### Module Resource Usage Distribution Estimates (end) ### ###


### ### Clock Load Distribution Report (begin) ### ###

     Clock     Flip-Flops   Memory Ports    Multipliers
     -----     ----------   ------------    -----------
     clk_0           1297              0              0
     clk_1            270              0              0
 bscan_TCK            659              0              0

### ### Clock Load Distribution Report (end) ### ###

### ### Resource Summary (begin) ### ### ### 
INPUT  PORTS    : 	13
OUTPUT PORTS    : 	513

EFX_ADD         : 	546
EFX_LUT4        : 	663
   1-2  Inputs  : 	86
   3    Inputs  : 	117
   4    Inputs  : 	460
EFX_FF          : 	2226
EFX_GBUFCE      : 	3
### ### Resource Summary (end) ### ### ###

Plain synthesis (without verilog dump and post-map checks) time : 30s
Elapsed synthesis time : 30s
