
Efinix FPGA Placement and Routing.
Version: 2025.1.110.2.15 
Date: Fri Jul 25 18:42:48 2025

Copyright (C) 2013 - 2025 Efinix, Inc. All rights reserved.
 
Family: Trion 
Device: T120F576
Top-level Entity Name: testing_PLLs
Elapsed time for packing: 0 hours 0 minutes 0 seconds

---------- Resource Summary (begin) ----------
Inputs: 9 / 1546 (0.58%)
Outputs: 513 / 2498 (20.54%)
Clocks: 3 / 16 (18.75%)
Logic Elements: 2804 / 112128 (2.50%)
	LE: LUTs/Adders: 1211 / 112128 (1.08%)
	LE: Registers: 2226 / 107520 (2.07%)
Memory Blocks: 0 / 1056 (0.00%)
Multipliers: 0 / 320 (0.00%)
---------- Resource Summary (end) ----------


---------- IO Interface Summary (begin) ----------

+------------------------+--------------+
| Missing Interface Pins | Input/Output |
+------------------------+--------------+
|       bscan_DRCK       |    Input     |
|       bscan_TMS        |    Input     |
|     bscan_RUNTEST      |    Input     |
|          clk           |    Input     |
+------------------------+--------------+

----------- IO Interface Summary (end) ----------


---------- IO Placement Summary (begin) ----------

+----------------------+--------------+
| Unassigned Core Pins | Input/Output |
+----------------------+--------------+
|  o_pllBr0_reg[255]   |    Output    |
|  o_pllBr0_reg[254]   |    Output    |
|  o_pllBr0_reg[253]   |    Output    |
|  o_pllBr0_reg[252]   |    Output    |
|  o_pllBr0_reg[251]   |    Output    |
|  o_pllBr0_reg[250]   |    Output    |
|  o_pllBr0_reg[249]   |    Output    |
|  o_pllBr0_reg[248]   |    Output    |
|  o_pllBr0_reg[247]   |    Output    |
|  o_pllBr0_reg[246]   |    Output    |
|  o_pllBr0_reg[245]   |    Output    |
|  o_pllBr0_reg[244]   |    Output    |
|  o_pllBr0_reg[243]   |    Output    |
|  o_pllBr0_reg[242]   |    Output    |
|  o_pllBr0_reg[241]   |    Output    |
|  o_pllBr0_reg[240]   |    Output    |
|  o_pllBr0_reg[239]   |    Output    |
|  o_pllBr0_reg[238]   |    Output    |
|  o_pllBr0_reg[237]   |    Output    |
|  o_pllBr0_reg[236]   |    Output    |
|  o_pllBr0_reg[235]   |    Output    |
|  o_pllBr0_reg[234]   |    Output    |
|  o_pllBr0_reg[233]   |    Output    |
|  o_pllBr0_reg[232]   |    Output    |
|  o_pllBr0_reg[231]   |    Output    |
|  o_pllBr0_reg[230]   |    Output    |
|  o_pllBr0_reg[229]   |    Output    |
|  o_pllBr0_reg[228]   |    Output    |
|  o_pllBr0_reg[227]   |    Output    |
|  o_pllBr0_reg[226]   |    Output    |
|  o_pllBr0_reg[225]   |    Output    |
|  o_pllBr0_reg[224]   |    Output    |
|  o_pllBr0_reg[223]   |    Output    |
|  o_pllBr0_reg[222]   |    Output    |
|  o_pllBr0_reg[221]   |    Output    |
|  o_pllBr0_reg[220]   |    Output    |
|  o_pllBr0_reg[219]   |    Output    |
|  o_pllBr0_reg[218]   |    Output    |
|  o_pllBr0_reg[217]   |    Output    |
|  o_pllBr0_reg[216]   |    Output    |
|  o_pllBr0_reg[215]   |    Output    |
|  o_pllBr0_reg[214]   |    Output    |
|  o_pllBr0_reg[213]   |    Output    |
|  o_pllBr0_reg[212]   |    Output    |
|  o_pllBr0_reg[211]   |    Output    |
|  o_pllBr0_reg[210]   |    Output    |
|  o_pllBr0_reg[209]   |    Output    |
|  o_pllBr0_reg[208]   |    Output    |
|  o_pllBr0_reg[207]   |    Output    |
|  o_pllBr0_reg[206]   |    Output    |
|  o_pllBr0_reg[205]   |    Output    |
|  o_pllBr0_reg[204]   |    Output    |
|  o_pllBr0_reg[203]   |    Output    |
|  o_pllBr0_reg[202]   |    Output    |
|  o_pllBr0_reg[201]   |    Output    |
|  o_pllBr0_reg[200]   |    Output    |
|  o_pllBr0_reg[199]   |    Output    |
|  o_pllBr0_reg[198]   |    Output    |
|  o_pllBr0_reg[197]   |    Output    |
|  o_pllBr0_reg[196]   |    Output    |
|  o_pllBr0_reg[195]   |    Output    |
|  o_pllBr0_reg[194]   |    Output    |
|  o_pllBr0_reg[193]   |    Output    |
|  o_pllBr0_reg[192]   |    Output    |
|  o_pllBr0_reg[191]   |    Output    |
|  o_pllBr0_reg[190]   |    Output    |
|  o_pllBr0_reg[189]   |    Output    |
|  o_pllBr0_reg[188]   |    Output    |
|  o_pllBr0_reg[187]   |    Output    |
|  o_pllBr0_reg[186]   |    Output    |
|  o_pllBr0_reg[185]   |    Output    |
|  o_pllBr0_reg[184]   |    Output    |
|  o_pllBr0_reg[183]   |    Output    |
|  o_pllBr0_reg[182]   |    Output    |
|  o_pllBr0_reg[181]   |    Output    |
|  o_pllBr0_reg[180]   |    Output    |
|  o_pllBr0_reg[179]   |    Output    |
|  o_pllBr0_reg[178]   |    Output    |
|  o_pllBr0_reg[177]   |    Output    |
|  o_pllBr0_reg[176]   |    Output    |
|  o_pllBr0_reg[175]   |    Output    |
|  o_pllBr0_reg[174]   |    Output    |
|  o_pllBr0_reg[173]   |    Output    |
|  o_pllBr0_reg[172]   |    Output    |
|  o_pllBr0_reg[171]   |    Output    |
|  o_pllBr0_reg[170]   |    Output    |
|  o_pllBr0_reg[169]   |    Output    |
|  o_pllBr0_reg[168]   |    Output    |
|  o_pllBr0_reg[167]   |    Output    |
|  o_pllBr0_reg[166]   |    Output    |
|  o_pllBr0_reg[165]   |    Output    |
|  o_pllBr0_reg[164]   |    Output    |
|  o_pllBr0_reg[163]   |    Output    |
|  o_pllBr0_reg[162]   |    Output    |
|  o_pllBr0_reg[161]   |    Output    |
|  o_pllBr0_reg[160]   |    Output    |
|  o_pllBr0_reg[159]   |    Output    |
|  o_pllBr0_reg[158]   |    Output    |
|  o_pllBr0_reg[157]   |    Output    |
|  o_pllBr0_reg[156]   |    Output    |
|  o_pllBr0_reg[155]   |    Output    |
|  o_pllBr0_reg[154]   |    Output    |
|  o_pllBr0_reg[153]   |    Output    |
|  o_pllBr0_reg[152]   |    Output    |
|  o_pllBr0_reg[151]   |    Output    |
|  o_pllBr0_reg[150]   |    Output    |
|  o_pllBr0_reg[149]   |    Output    |
|  o_pllBr0_reg[148]   |    Output    |
|  o_pllBr0_reg[147]   |    Output    |
|  o_pllBr0_reg[146]   |    Output    |
|  o_pllBr0_reg[145]   |    Output    |
|  o_pllBr0_reg[144]   |    Output    |
|  o_pllBr0_reg[143]   |    Output    |
|  o_pllBr0_reg[142]   |    Output    |
|  o_pllBr0_reg[141]   |    Output    |
|  o_pllBr0_reg[140]   |    Output    |
|  o_pllBr0_reg[139]   |    Output    |
|  o_pllBr0_reg[138]   |    Output    |
|  o_pllBr0_reg[137]   |    Output    |
|  o_pllBr0_reg[136]   |    Output    |
|  o_pllBr0_reg[135]   |    Output    |
|  o_pllBr0_reg[134]   |    Output    |
|  o_pllBr0_reg[133]   |    Output    |
|  o_pllBr0_reg[132]   |    Output    |
|  o_pllBr0_reg[131]   |    Output    |
|  o_pllBr0_reg[130]   |    Output    |
|  o_pllBr0_reg[129]   |    Output    |
|  o_pllBr0_reg[128]   |    Output    |
|  o_pllBr0_reg[127]   |    Output    |
|  o_pllBr0_reg[126]   |    Output    |
|  o_pllBr0_reg[125]   |    Output    |
|  o_pllBr0_reg[124]   |    Output    |
|  o_pllBr0_reg[123]   |    Output    |
|  o_pllBr0_reg[122]   |    Output    |
|  o_pllBr0_reg[121]   |    Output    |
|  o_pllBr0_reg[120]   |    Output    |
|  o_pllBr0_reg[119]   |    Output    |
|  o_pllBr0_reg[118]   |    Output    |
|  o_pllBr0_reg[117]   |    Output    |
|  o_pllBr0_reg[116]   |    Output    |
|  o_pllBr0_reg[115]   |    Output    |
|  o_pllBr0_reg[114]   |    Output    |
|  o_pllBr0_reg[113]   |    Output    |
|  o_pllBr0_reg[112]   |    Output    |
|  o_pllBr0_reg[111]   |    Output    |
|  o_pllBr0_reg[110]   |    Output    |
|  o_pllBr0_reg[109]   |    Output    |
|  o_pllBr0_reg[108]   |    Output    |
|  o_pllBr0_reg[107]   |    Output    |
|  o_pllBr0_reg[106]   |    Output    |
|  o_pllBr0_reg[105]   |    Output    |
|  o_pllBr0_reg[104]   |    Output    |
|  o_pllBr0_reg[103]   |    Output    |
|  o_pllBr0_reg[102]   |    Output    |
|  o_pllBr0_reg[101]   |    Output    |
|  o_pllBr0_reg[100]   |    Output    |
|   o_pllBr0_reg[99]   |    Output    |
|   o_pllBr0_reg[98]   |    Output    |
|   o_pllBr0_reg[97]   |    Output    |
|   o_pllBr0_reg[96]   |    Output    |
|   o_pllBr0_reg[95]   |    Output    |
|   o_pllBr0_reg[94]   |    Output    |
|   o_pllBr0_reg[93]   |    Output    |
|   o_pllBr0_reg[92]   |    Output    |
|   o_pllBr0_reg[91]   |    Output    |
|   o_pllBr0_reg[90]   |    Output    |
|   o_pllBr0_reg[89]   |    Output    |
|   o_pllBr0_reg[88]   |    Output    |
|   o_pllBr0_reg[87]   |    Output    |
|   o_pllBr0_reg[86]   |    Output    |
|   o_pllBr0_reg[85]   |    Output    |
|   o_pllBr0_reg[84]   |    Output    |
|   o_pllBr0_reg[83]   |    Output    |
|   o_pllBr0_reg[82]   |    Output    |
|   o_pllBr0_reg[81]   |    Output    |
|   o_pllBr0_reg[80]   |    Output    |
|   o_pllBr0_reg[79]   |    Output    |
|   o_pllBr0_reg[78]   |    Output    |
|   o_pllBr0_reg[77]   |    Output    |
|   o_pllBr0_reg[76]   |    Output    |
|   o_pllBr0_reg[75]   |    Output    |
|   o_pllBr0_reg[74]   |    Output    |
|   o_pllBr0_reg[73]   |    Output    |
|   o_pllBr0_reg[72]   |    Output    |
|   o_pllBr0_reg[71]   |    Output    |
|   o_pllBr0_reg[70]   |    Output    |
|   o_pllBr0_reg[69]   |    Output    |
|   o_pllBr0_reg[68]   |    Output    |
|   o_pllBr0_reg[67]   |    Output    |
|   o_pllBr0_reg[66]   |    Output    |
|   o_pllBr0_reg[65]   |    Output    |
|   o_pllBr0_reg[64]   |    Output    |
|   o_pllBr0_reg[63]   |    Output    |
|   o_pllBr0_reg[62]   |    Output    |
|   o_pllBr0_reg[61]   |    Output    |
|   o_pllBr0_reg[60]   |    Output    |
|   o_pllBr0_reg[59]   |    Output    |
|   o_pllBr0_reg[58]   |    Output    |
|   o_pllBr0_reg[57]   |    Output    |
|   o_pllBr0_reg[56]   |    Output    |
|   o_pllBr0_reg[55]   |    Output    |
|   o_pllBr0_reg[54]   |    Output    |
|   o_pllBr0_reg[53]   |    Output    |
|   o_pllBr0_reg[52]   |    Output    |
|   o_pllBr0_reg[51]   |    Output    |
|   o_pllBr0_reg[50]   |    Output    |
|   o_pllBr0_reg[49]   |    Output    |
|   o_pllBr0_reg[48]   |    Output    |
|   o_pllBr0_reg[47]   |    Output    |
|   o_pllBr0_reg[46]   |    Output    |
|   o_pllBr0_reg[45]   |    Output    |
|   o_pllBr0_reg[44]   |    Output    |
|   o_pllBr0_reg[43]   |    Output    |
|   o_pllBr0_reg[42]   |    Output    |
|   o_pllBr0_reg[41]   |    Output    |
|   o_pllBr0_reg[40]   |    Output    |
|   o_pllBr0_reg[39]   |    Output    |
|   o_pllBr0_reg[38]   |    Output    |
|   o_pllBr0_reg[37]   |    Output    |
|   o_pllBr0_reg[36]   |    Output    |
|   o_pllBr0_reg[35]   |    Output    |
|   o_pllBr0_reg[34]   |    Output    |
|   o_pllBr0_reg[33]   |    Output    |
|   o_pllBr0_reg[32]   |    Output    |
|   o_pllBr0_reg[31]   |    Output    |
|   o_pllBr0_reg[30]   |    Output    |
|   o_pllBr0_reg[29]   |    Output    |
|   o_pllBr0_reg[28]   |    Output    |
|   o_pllBr0_reg[27]   |    Output    |
|   o_pllBr0_reg[26]   |    Output    |
|   o_pllBr0_reg[25]   |    Output    |
|   o_pllBr0_reg[24]   |    Output    |
|   o_pllBr0_reg[23]   |    Output    |
|   o_pllBr0_reg[22]   |    Output    |
|   o_pllBr0_reg[21]   |    Output    |
|   o_pllBr0_reg[20]   |    Output    |
|   o_pllBr0_reg[19]   |    Output    |
|   o_pllBr0_reg[18]   |    Output    |
|   o_pllBr0_reg[17]   |    Output    |
|   o_pllBr0_reg[16]   |    Output    |
|   o_pllBr0_reg[15]   |    Output    |
|   o_pllBr0_reg[14]   |    Output    |
|   o_pllBr0_reg[13]   |    Output    |
|   o_pllBr0_reg[12]   |    Output    |
|   o_pllBr0_reg[11]   |    Output    |
|   o_pllBr0_reg[10]   |    Output    |
|   o_pllBr0_reg[9]    |    Output    |
|   o_pllBr0_reg[8]    |    Output    |
|   o_pllBr0_reg[7]    |    Output    |
|   o_pllBr0_reg[6]    |    Output    |
|   o_pllBr0_reg[5]    |    Output    |
|   o_pllBr0_reg[4]    |    Output    |
|   o_pllBr0_reg[3]    |    Output    |
|   o_pllBr0_reg[2]    |    Output    |
|   o_pllBr0_reg[1]    |    Output    |
|   o_pllBr0_reg[0]    |    Output    |
|  o_pllBr1_reg[255]   |    Output    |
|  o_pllBr1_reg[254]   |    Output    |
|  o_pllBr1_reg[253]   |    Output    |
|  o_pllBr1_reg[252]   |    Output    |
|  o_pllBr1_reg[251]   |    Output    |
|  o_pllBr1_reg[250]   |    Output    |
|  o_pllBr1_reg[249]   |    Output    |
|  o_pllBr1_reg[248]   |    Output    |
|  o_pllBr1_reg[247]   |    Output    |
|  o_pllBr1_reg[246]   |    Output    |
|  o_pllBr1_reg[245]   |    Output    |
|  o_pllBr1_reg[244]   |    Output    |
|  o_pllBr1_reg[243]   |    Output    |
|  o_pllBr1_reg[242]   |    Output    |
|  o_pllBr1_reg[241]   |    Output    |
|  o_pllBr1_reg[240]   |    Output    |
|  o_pllBr1_reg[239]   |    Output    |
|  o_pllBr1_reg[238]   |    Output    |
|  o_pllBr1_reg[237]   |    Output    |
|  o_pllBr1_reg[236]   |    Output    |
|  o_pllBr1_reg[235]   |    Output    |
|  o_pllBr1_reg[234]   |    Output    |
|  o_pllBr1_reg[233]   |    Output    |
|  o_pllBr1_reg[232]   |    Output    |
|  o_pllBr1_reg[231]   |    Output    |
|  o_pllBr1_reg[230]   |    Output    |
|  o_pllBr1_reg[229]   |    Output    |
|  o_pllBr1_reg[228]   |    Output    |
|  o_pllBr1_reg[227]   |    Output    |
|  o_pllBr1_reg[226]   |    Output    |
|  o_pllBr1_reg[225]   |    Output    |
|  o_pllBr1_reg[224]   |    Output    |
|  o_pllBr1_reg[223]   |    Output    |
|  o_pllBr1_reg[222]   |    Output    |
|  o_pllBr1_reg[221]   |    Output    |
|  o_pllBr1_reg[220]   |    Output    |
|  o_pllBr1_reg[219]   |    Output    |
|  o_pllBr1_reg[218]   |    Output    |
|  o_pllBr1_reg[217]   |    Output    |
|  o_pllBr1_reg[216]   |    Output    |
|  o_pllBr1_reg[215]   |    Output    |
|  o_pllBr1_reg[214]   |    Output    |
|  o_pllBr1_reg[213]   |    Output    |
|  o_pllBr1_reg[212]   |    Output    |
|  o_pllBr1_reg[211]   |    Output    |
|  o_pllBr1_reg[210]   |    Output    |
|  o_pllBr1_reg[209]   |    Output    |
|  o_pllBr1_reg[208]   |    Output    |
|  o_pllBr1_reg[207]   |    Output    |
|  o_pllBr1_reg[206]   |    Output    |
|  o_pllBr1_reg[205]   |    Output    |
|  o_pllBr1_reg[204]   |    Output    |
|  o_pllBr1_reg[203]   |    Output    |
|  o_pllBr1_reg[202]   |    Output    |
|  o_pllBr1_reg[201]   |    Output    |
|  o_pllBr1_reg[200]   |    Output    |
|  o_pllBr1_reg[199]   |    Output    |
|  o_pllBr1_reg[198]   |    Output    |
|  o_pllBr1_reg[197]   |    Output    |
|  o_pllBr1_reg[196]   |    Output    |
|  o_pllBr1_reg[195]   |    Output    |
|  o_pllBr1_reg[194]   |    Output    |
|  o_pllBr1_reg[193]   |    Output    |
|  o_pllBr1_reg[192]   |    Output    |
|  o_pllBr1_reg[191]   |    Output    |
|  o_pllBr1_reg[190]   |    Output    |
|  o_pllBr1_reg[189]   |    Output    |
|  o_pllBr1_reg[188]   |    Output    |
|  o_pllBr1_reg[187]   |    Output    |
|  o_pllBr1_reg[186]   |    Output    |
|  o_pllBr1_reg[185]   |    Output    |
|  o_pllBr1_reg[184]   |    Output    |
|  o_pllBr1_reg[183]   |    Output    |
|  o_pllBr1_reg[182]   |    Output    |
|  o_pllBr1_reg[181]   |    Output    |
|  o_pllBr1_reg[180]   |    Output    |
|  o_pllBr1_reg[179]   |    Output    |
|  o_pllBr1_reg[178]   |    Output    |
|  o_pllBr1_reg[177]   |    Output    |
|  o_pllBr1_reg[176]   |    Output    |
|  o_pllBr1_reg[175]   |    Output    |
|  o_pllBr1_reg[174]   |    Output    |
|  o_pllBr1_reg[173]   |    Output    |
|  o_pllBr1_reg[172]   |    Output    |
|  o_pllBr1_reg[171]   |    Output    |
|  o_pllBr1_reg[170]   |    Output    |
|  o_pllBr1_reg[169]   |    Output    |
|  o_pllBr1_reg[168]   |    Output    |
|  o_pllBr1_reg[167]   |    Output    |
|  o_pllBr1_reg[166]   |    Output    |
|  o_pllBr1_reg[165]   |    Output    |
|  o_pllBr1_reg[164]   |    Output    |
|  o_pllBr1_reg[163]   |    Output    |
|  o_pllBr1_reg[162]   |    Output    |
|  o_pllBr1_reg[161]   |    Output    |
|  o_pllBr1_reg[160]   |    Output    |
|  o_pllBr1_reg[159]   |    Output    |
|  o_pllBr1_reg[158]   |    Output    |
|  o_pllBr1_reg[157]   |    Output    |
|  o_pllBr1_reg[156]   |    Output    |
|  o_pllBr1_reg[155]   |    Output    |
|  o_pllBr1_reg[154]   |    Output    |
|  o_pllBr1_reg[153]   |    Output    |
|  o_pllBr1_reg[152]   |    Output    |
|  o_pllBr1_reg[151]   |    Output    |
|  o_pllBr1_reg[150]   |    Output    |
|  o_pllBr1_reg[149]   |    Output    |
|  o_pllBr1_reg[148]   |    Output    |
|  o_pllBr1_reg[147]   |    Output    |
|  o_pllBr1_reg[146]   |    Output    |
|  o_pllBr1_reg[145]   |    Output    |
|  o_pllBr1_reg[144]   |    Output    |
|  o_pllBr1_reg[143]   |    Output    |
|  o_pllBr1_reg[142]   |    Output    |
|  o_pllBr1_reg[141]   |    Output    |
|  o_pllBr1_reg[140]   |    Output    |
|  o_pllBr1_reg[139]   |    Output    |
|  o_pllBr1_reg[138]   |    Output    |
|  o_pllBr1_reg[137]   |    Output    |
|  o_pllBr1_reg[136]   |    Output    |
|  o_pllBr1_reg[135]   |    Output    |
|  o_pllBr1_reg[134]   |    Output    |
|  o_pllBr1_reg[133]   |    Output    |
|  o_pllBr1_reg[132]   |    Output    |
|  o_pllBr1_reg[131]   |    Output    |
|  o_pllBr1_reg[130]   |    Output    |
|  o_pllBr1_reg[129]   |    Output    |
|  o_pllBr1_reg[128]   |    Output    |
|  o_pllBr1_reg[127]   |    Output    |
|  o_pllBr1_reg[126]   |    Output    |
|  o_pllBr1_reg[125]   |    Output    |
|  o_pllBr1_reg[124]   |    Output    |
|  o_pllBr1_reg[123]   |    Output    |
|  o_pllBr1_reg[122]   |    Output    |
|  o_pllBr1_reg[121]   |    Output    |
|  o_pllBr1_reg[120]   |    Output    |
|  o_pllBr1_reg[119]   |    Output    |
|  o_pllBr1_reg[118]   |    Output    |
|  o_pllBr1_reg[117]   |    Output    |
|  o_pllBr1_reg[116]   |    Output    |
|  o_pllBr1_reg[115]   |    Output    |
|  o_pllBr1_reg[114]   |    Output    |
|  o_pllBr1_reg[113]   |    Output    |
|  o_pllBr1_reg[112]   |    Output    |
|  o_pllBr1_reg[111]   |    Output    |
|  o_pllBr1_reg[110]   |    Output    |
|  o_pllBr1_reg[109]   |    Output    |
|  o_pllBr1_reg[108]   |    Output    |
|  o_pllBr1_reg[107]   |    Output    |
|  o_pllBr1_reg[106]   |    Output    |
|  o_pllBr1_reg[105]   |    Output    |
|  o_pllBr1_reg[104]   |    Output    |
|  o_pllBr1_reg[103]   |    Output    |
|  o_pllBr1_reg[102]   |    Output    |
|  o_pllBr1_reg[101]   |    Output    |
|  o_pllBr1_reg[100]   |    Output    |
|   o_pllBr1_reg[99]   |    Output    |
|   o_pllBr1_reg[98]   |    Output    |
|   o_pllBr1_reg[97]   |    Output    |
|   o_pllBr1_reg[96]   |    Output    |
|   o_pllBr1_reg[95]   |    Output    |
|   o_pllBr1_reg[94]   |    Output    |
|   o_pllBr1_reg[93]   |    Output    |
|   o_pllBr1_reg[92]   |    Output    |
|   o_pllBr1_reg[91]   |    Output    |
|   o_pllBr1_reg[90]   |    Output    |
|   o_pllBr1_reg[89]   |    Output    |
|   o_pllBr1_reg[88]   |    Output    |
|   o_pllBr1_reg[87]   |    Output    |
|   o_pllBr1_reg[86]   |    Output    |
|   o_pllBr1_reg[85]   |    Output    |
|   o_pllBr1_reg[84]   |    Output    |
|   o_pllBr1_reg[83]   |    Output    |
|   o_pllBr1_reg[82]   |    Output    |
|   o_pllBr1_reg[81]   |    Output    |
|   o_pllBr1_reg[80]   |    Output    |
|   o_pllBr1_reg[79]   |    Output    |
|   o_pllBr1_reg[78]   |    Output    |
|   o_pllBr1_reg[77]   |    Output    |
|   o_pllBr1_reg[76]   |    Output    |
|   o_pllBr1_reg[75]   |    Output    |
|   o_pllBr1_reg[74]   |    Output    |
|   o_pllBr1_reg[73]   |    Output    |
|   o_pllBr1_reg[72]   |    Output    |
|   o_pllBr1_reg[71]   |    Output    |
|   o_pllBr1_reg[70]   |    Output    |
|   o_pllBr1_reg[69]   |    Output    |
|   o_pllBr1_reg[68]   |    Output    |
|   o_pllBr1_reg[67]   |    Output    |
|   o_pllBr1_reg[66]   |    Output    |
|   o_pllBr1_reg[65]   |    Output    |
|   o_pllBr1_reg[64]   |    Output    |
|   o_pllBr1_reg[63]   |    Output    |
|   o_pllBr1_reg[62]   |    Output    |
|   o_pllBr1_reg[61]   |    Output    |
|   o_pllBr1_reg[60]   |    Output    |
|   o_pllBr1_reg[59]   |    Output    |
|   o_pllBr1_reg[58]   |    Output    |
|   o_pllBr1_reg[57]   |    Output    |
|   o_pllBr1_reg[56]   |    Output    |
|   o_pllBr1_reg[55]   |    Output    |
|   o_pllBr1_reg[54]   |    Output    |
|   o_pllBr1_reg[53]   |    Output    |
|   o_pllBr1_reg[52]   |    Output    |
|   o_pllBr1_reg[51]   |    Output    |
|   o_pllBr1_reg[50]   |    Output    |
|   o_pllBr1_reg[49]   |    Output    |
|   o_pllBr1_reg[48]   |    Output    |
|   o_pllBr1_reg[47]   |    Output    |
|   o_pllBr1_reg[46]   |    Output    |
|   o_pllBr1_reg[45]   |    Output    |
|   o_pllBr1_reg[44]   |    Output    |
|   o_pllBr1_reg[43]   |    Output    |
|   o_pllBr1_reg[42]   |    Output    |
|   o_pllBr1_reg[41]   |    Output    |
|   o_pllBr1_reg[40]   |    Output    |
|   o_pllBr1_reg[39]   |    Output    |
|   o_pllBr1_reg[38]   |    Output    |
|   o_pllBr1_reg[37]   |    Output    |
|   o_pllBr1_reg[36]   |    Output    |
|   o_pllBr1_reg[35]   |    Output    |
|   o_pllBr1_reg[34]   |    Output    |
|   o_pllBr1_reg[33]   |    Output    |
|   o_pllBr1_reg[32]   |    Output    |
|   o_pllBr1_reg[31]   |    Output    |
|   o_pllBr1_reg[30]   |    Output    |
|   o_pllBr1_reg[29]   |    Output    |
|   o_pllBr1_reg[28]   |    Output    |
|   o_pllBr1_reg[27]   |    Output    |
|   o_pllBr1_reg[26]   |    Output    |
|   o_pllBr1_reg[25]   |    Output    |
|   o_pllBr1_reg[24]   |    Output    |
|   o_pllBr1_reg[23]   |    Output    |
|   o_pllBr1_reg[22]   |    Output    |
|   o_pllBr1_reg[21]   |    Output    |
|   o_pllBr1_reg[20]   |    Output    |
|   o_pllBr1_reg[19]   |    Output    |
|   o_pllBr1_reg[18]   |    Output    |
|   o_pllBr1_reg[17]   |    Output    |
|   o_pllBr1_reg[16]   |    Output    |
|   o_pllBr1_reg[15]   |    Output    |
|   o_pllBr1_reg[14]   |    Output    |
|   o_pllBr1_reg[13]   |    Output    |
|   o_pllBr1_reg[12]   |    Output    |
|   o_pllBr1_reg[11]   |    Output    |
|   o_pllBr1_reg[10]   |    Output    |
|   o_pllBr1_reg[9]    |    Output    |
|   o_pllBr1_reg[8]    |    Output    |
|   o_pllBr1_reg[7]    |    Output    |
|   o_pllBr1_reg[6]    |    Output    |
|   o_pllBr1_reg[5]    |    Output    |
|   o_pllBr1_reg[4]    |    Output    |
|   o_pllBr1_reg[3]    |    Output    |
|   o_pllBr1_reg[2]    |    Output    |
|   o_pllBr1_reg[1]    |    Output    |
|   o_pllBr1_reg[0]    |    Output    |
+----------------------+--------------+

----------- IO Placement Summary (end) ----------

Elapsed time for placement: 0 hours 0 minutes 5 seconds
